Component: ARM Compiler 5.06 update 7 (build 960) Tool: armlink [4d3601]

==============================================================================

Section Cross References

    main.o(i.main) refers to misc.o(i.NVIC_PriorityGroupConfig) for NVIC_PriorityGroupConfig
    main.o(i.main) refers to delay.o(i.delay_init) for delay_init
    main.o(i.main) refers to module_pinconfig.o(i.HardWare_Init) for HardWare_Init
    main.o(i.main) refers to usart.o(i.UARTx_Init) for UARTx_Init
    main.o(i.main) refers to at32f4xx_usart.o(i.USART_DMACmd) for USART_DMACmd
    main.o(i.main) refers to dma.o(i.DMACHx_Init) for DMACHx_Init
    main.o(i.main) refers to communite.o(i.Communite_Init) for Communite_Init
    main.o(i.main) refers to tasks.o(i.xTaskCreate) for xTaskCreate
    main.o(i.main) refers to tasks.o(i.vTaskStartScheduler) for vTaskStartScheduler
    main.o(i.main) refers to communite.o(.data) for s_UartDma
    main.o(i.main) refers to main.o(.data) for StartTask_Handler
    main.o(i.main) refers to main.o(i.start_task) for start_task
    main.o(i.start_task) refers to port.o(i.vPortEnterCritical) for vPortEnterCritical
    main.o(i.start_task) refers to tasks.o(i.xTaskCreate) for xTaskCreate
    main.o(i.start_task) refers to tasks.o(i.vTaskDelete) for vTaskDelete
    main.o(i.start_task) refers to port.o(i.vPortExitCritical) for vPortExitCritical
    main.o(i.start_task) refers to main.o(.data) for Task1Task_Handler
    main.o(i.start_task) refers to main.o(i.task1) for task1
    main.o(i.start_task) refers to main.o(i.task2) for task2
    main.o(i.start_task) refers to main.o(i.task3) for task3
    main.o(i.start_task) refers to main.o(i.task4) for task4
    main.o(i.task1) refers to led.o(i.Sys_Led) for Sys_Led
    main.o(i.task1) refers to tasks.o(i.vTaskDelay) for vTaskDelay
    main.o(i.task2) refers to tasks.o(i.vTaskDelay) for vTaskDelay
    main.o(i.task2) refers to main.o(.data) for cnt
    main.o(i.task3) refers to tasks.o(i.vTaskDelay) for vTaskDelay
    main.o(i.task4) refers to tasks.o(i.vTaskDelay) for vTaskDelay
    led.o(i.LED_GPIO_INIT) refers to at32f4xx_rcc.o(i.RCC_AHBPeriphClockCmd) for RCC_AHBPeriphClockCmd
    led.o(i.LED_GPIO_INIT) refers to at32f4xx_gpio_ex.o(i.GPIO_Init) for GPIO_Init
    led.o(i.LED_GPIO_INIT) refers to at32f4xx_gpio_ex.o(i.GPIO_SetBits) for GPIO_SetBits
    led.o(i.Sys_Led) refers to at32f4xx_gpio_ex.o(i.GPIO_SetBits) for GPIO_SetBits
    led.o(i.Sys_Led) refers to at32f4xx_gpio_ex.o(i.GPIO_ResetBits) for GPIO_ResetBits
    led.o(i.Sys_Led) refers to led.o(.data) for flag
    communite.o(i.Communite_Init) refers to rt_memclr.o(.text) for __aeabi_memclr
    communite.o(i.Communite_Init) refers to communite.o(.bss) for tagProtocol
    communite.o(i.Get_UsartPack) refers to communite.o(i.Protocol_CheckRecv1) for Protocol_CheckRecv1
    communite.o(i.Get_UsartPack) refers to communite.o(i.Protocol_HostUnpack) for Protocol_HostUnpack
    communite.o(i.Protocol_CheckRecv1) refers to communite.o(i.Protocol_Recv1) for Protocol_Recv1
    communite.o(i.Protocol_CheckRecv1) refers to rt_memcpy_v6.o(.text) for __aeabi_memcpy
    communite.o(i.Protocol_HostCmdExec) refers to communite.o(i.UnpackWithCheckSum) for UnpackWithCheckSum
    communite.o(i.Protocol_HostUnpack) refers to communite.o(i.Host_GetFrameLength) for Host_GetFrameLength
    communite.o(i.Protocol_HostUnpack) refers to rt_memmove_v6.o(.text) for __aeabi_memmove
    communite.o(i.Protocol_HostUnpack) refers to communite.o(i.CalcCheckSum) for CalcCheckSum
    communite.o(i.Protocol_HostUnpack) refers to communite.o(i.Protocol_HostCmdExec) for Protocol_HostCmdExec
    communite.o(i.Protocol_Recv1) refers to communite.o(i.UartDma_GetLeftDataNum) for UartDma_GetLeftDataNum
    communite.o(i.Protocol_Recv1) refers to communite.o(.bss) for m_ui8UartDmaRxBuffer
    communite.o(i.Send_ModuleData) refers to communite.o(i.PackWithCheckSum) for PackWithCheckSum
    communite.o(i.Send_ModuleData) refers to usart.o(i.UARTx_SendData) for UARTx_SendData
    communite.o(.data) refers to communite.o(.bss) for a_DmaBuf
    module_pinconfig.o(i.A04E_Init) refers to at32f4xx_gpio_ex.o(i.GPIO_Init) for GPIO_Init
    module_pinconfig.o(i.AC_PIN_Init) refers to at32f4xx_gpio_ex.o(i.GPIO_Init) for GPIO_Init
    module_pinconfig.o(i.CN3762_Init) refers to at32f4xx_gpio_ex.o(i.GPIO_Init) for GPIO_Init
    module_pinconfig.o(i.HDF4_Init) refers to at32f4xx_gpio_ex.o(i.GPIO_Init) for GPIO_Init
    module_pinconfig.o(i.HDF4_Init) refers to at32f4xx_gpio_ex.o(i.GPIO_ResetBits) for GPIO_ResetBits
    module_pinconfig.o(i.HardWare_Init) refers to led.o(i.LED_GPIO_INIT) for LED_GPIO_INIT
    module_pinconfig.o(i.HardWare_Init) refers to motor.o(i.MotorGpioInit) for MotorGpioInit
    module_pinconfig.o(i.HardWare_Init) refers to module_pinconfig.o(i.CN3762_Init) for CN3762_Init
    module_pinconfig.o(i.HardWare_Init) refers to module_pinconfig.o(i.A04E_Init) for A04E_Init
[...]
    ..\\FreeRTOS\\src\\queue.c               0x00000000   Number         0  queue.o ABSOLUTE
    ..\\FreeRTOS\\src\\tasks.c               0x00000000   Number         0  tasks.o ABSOLUTE
    ..\\FreeRTOS\\src\\timers.c              0x00000000   Number         0  timers.o ABSOLUTE
    ..\\HARDWARE\\src\\communite.c           0x00000000   Number         0  communite.o ABSOLUTE
    ..\\HARDWARE\\src\\led.c                 0x00000000   Number         0  led.o ABSOLUTE
    ..\\HARDWARE\\src\\module_pinconfig.c    0x00000000   Number         0  module_pinconfig.o ABSOLUTE
    ..\\HARDWARE\\src\\motor.c               0x00000000   Number         0  motor.o ABSOLUTE
    ..\\HARDWARE\\src\\sys.c                 0x00000000   Number         0  sys.o ABSOLUTE
    ..\\LIB\\src\\at32f4xx_acc.c             0x00000000   Number         0  at32f4xx_acc.o ABSOLUTE
    ..\\LIB\\src\\at32f4xx_adc.c             0x00000000   Number         0  at32f4xx_adc.o ABSOLUTE
    ..\\LIB\\src\\at32f4xx_bkp.c             0x00000000   Number         0  at32f4xx_bkp.o ABSOLUTE
    ..\\LIB\\src\\at32f4xx_can.c             0x00000000   Number         0  at32f4xx_can.o ABSOLUTE
    ..\\LIB\\src\\at32f4xx_comp.c            0x00000000   Number         0  at32f4xx_comp.o ABSOLUTE
    ..\\LIB\\src\\at32f4xx_crc.c             0x00000000   Number         0  at32f4xx_crc.o ABSOLUTE
    ..\\LIB\\src\\at32f4xx_dac.c             0x00000000   Number         0  at32f4xx_dac.o ABSOLUTE
    ..\\LIB\\src\\at32f4xx_dbgmcu.c          0x00000000   Number         0  at32f4xx_dbgmcu.o ABSOLUTE
    ..\\LIB\\src\\at32f4xx_dma.c             0x00000000   Number         0  at32f4xx_dma.o ABSOLUTE
    ..\\LIB\\src\\at32f4xx_ertc.c            0x00000000   Number         0  at32f4xx_ertc.o ABSOLUTE
    ..\\LIB\\src\\at32f4xx_eth.c             0x00000000   Number         0  at32f4xx_eth.o ABSOLUTE
    ..\\LIB\\src\\at32f4xx_exti.c            0x00000000   Number         0  at32f4xx_exti.o ABSOLUTE
    ..\\LIB\\src\\at32f4xx_flash.c           0x00000000   Number         0  at32f4xx_flash.o ABSOLUTE
    ..\\LIB\\src\\at32f4xx_gpio.c            0x00000000   Number         0  at32f4xx_gpio.o ABSOLUTE
    ..\\LIB\\src\\at32f4xx_gpio_ex.c         0x00000000   Number         0  at32f4xx_gpio_ex.o ABSOLUTE
    ..\\LIB\\src\\at32f4xx_i2c.c             0x00000000   Number         0  at32f4xx_i2c.o ABSOLUTE
    ..\\LIB\\src\\at32f4xx_iwdg.c            0x00000000   Number         0  at32f4xx_iwdg.o ABSOLUTE
    ..\\LIB\\src\\at32f4xx_pwr.c             0x00000000   Number         0  at32f4xx_pwr.o ABSOLUTE
    ..\\LIB\\src\\at32f4xx_rcc.c             0x00000000   Number         0  at32f4xx_rcc.o ABSOLUTE
    ..\\LIB\\src\\at32f4xx_rtc.c             0x00000000   Number         0  at32f4xx_rtc.o ABSOLUTE
    ..\\LIB\\src\\at32f4xx_sdio.c            0x00000000   Number         0  at32f4xx_sdio.o ABSOLUTE
    ..\\LIB\\src\\at32f4xx_spi.c             0x00000000   Number         0  at32f4xx_spi.o ABSOLUTE
    ..\\LIB\\src\\at32f4xx_syscfg.c          0x00000000   Number         0  at32f4xx_syscfg.o ABSOLUTE
    ..\\LIB\\src\\at32f4xx_tim.c             0x00000000   Number         0  at32f4xx_tim.o ABSOLUTE
    ..\\LIB\\src\\at32f4xx_usart.c           0x00000000   Number         0  at32f4xx_usart.o ABSOLUTE
    ..\\LIB\\src\\at32f4xx_wwdg.c            0x00000000   Number         0  at32f4xx_wwdg.o ABSOLUTE
    ..\\LIB\\src\\at32f4xx_xmc.c             0x00000000   Number         0  at32f4xx_xmc.o ABSOLUTE
    ..\\LIB\\src\\misc.c                     0x00000000   Number         0  misc.o ABSOLUTE
    ..\\SYSTEM\\src\\adc.c                   0x00000000   Number         0  adc.o ABSOLUTE
    ..\\SYSTEM\\src\\delay.c                 0x00000000   Number         0  delay.o ABSOLUTE
    ..\\SYSTEM\\src\\dma.c                   0x00000000   Number         0  dma.o ABSOLUTE
    ..\\SYSTEM\\src\\tmr.c                   0x00000000   Number         0  tmr.o ABSOLUTE
    ..\\SYSTEM\\src\\usart.c                 0x00000000   Number         0  usart.o ABSOLUTE
    dc.s                                     0x00000000   Number         0  dc.o ABSOLUTE
    main.c                                   0x00000000   Number         0  main.o ABSOLUTE
    main.c                                   0x00000000   Number         0  main.o ABSOLUTE
    RESET                                    0x08000000   Section      204  startup_at32f421c8t7.o(RESET)
    !!!main                                  0x080000cc   Section        8  __main.o(!!!main)
    !!!scatter                               0x080000d4   Section       52  __scatter.o(!!!scatter)
    !!handler_copy                           0x08000108   Section       26  __scatter_copy.o(!!handler_copy)
    !!handler_zi                             0x08000124   Section       28  __scatter_zi.o(!!handler_zi)
    .ARM.Collect$$_printf_percent$$00000000  0x08000140   Section        0  _printf_percent.o(.ARM.Collect$$_printf_percent$$00000000)
    .ARM.Collect$$_printf_percent$$00000009  0x08000140   Section        6  _printf_d.o(.ARM.Collect$$_printf_percent$$00000009)
    .ARM.Collect$$_printf_percent$$00000014  0x08000146   Section        6  _printf_s.o(.ARM.Collect$$_printf_percent$$00000014)
    .ARM.Collect$$_printf_percent$$00000017  0x0800014c   Section        4  _printf_percent_end.o(.ARM.Collect$$_printf_percent$$00000017)
    .ARM.Collect$$libinit$$00000000          0x08000150   Section        2  libinit.o(.ARM.Collect$$libinit$$00000000)
    .ARM.Collect$$libinit$$00000002          0x08000152   Section        0  libinit2.o(.ARM.Collect$$libinit$$00000002)
    .ARM.Collect$$libinit$$00000004          0x08000152   Section        0  libinit2.o(.ARM.Collect$$libinit$$00000004)
    .ARM.Collect$$libinit$$0000000A          0x08000152   Section        0  libinit2.o(.ARM.Collect$$libinit$$0000000A)
    .ARM.Collect$$libinit$$0000000C          0x08000152   Section        0  libinit2.o(.ARM.Collect$$libinit$$0000000C)
    .ARM.Collect$$libinit$$0000000E          0x08000152   Section        0  libinit2.o(.ARM.Collect$$libinit$$0000000E)
    .ARM.Collect$$libinit$$00000011          0x08000152   Section        0  libinit2.o(.ARM.Collect$$libinit$$00000011)
    .ARM.Collect$$libinit$$00000013          0x08000152   Section        0  libinit2.o(.ARM.Collect$$libinit$$00000013)
    .ARM.Collect$$libinit$$00000015          0x08000152   Section        0  libinit2.o(.ARM.Collect$$libinit$$00000015)
    .ARM.Collect$$libinit$$00000017          0x08000152   Section        0  libinit2.o(.ARM.Collect$$libinit$$00000017)
    .ARM.Collect$$libinit$$00000019          0x08000152   Section        0  libinit2.o(.ARM.Collect$$libinit$$00000019)
    .ARM.Collect$$libinit$$0000001B          0x08000152   Section        0  libinit2.o(.ARM.Collect$$libinit$$0000001B)
    .ARM.Collect$$libinit$$0000001D          0x08000152   Section        0  libinit2.o(.ARM.Collect$$libinit$$0000001D)
    .ARM.Collect$$libinit$$0000001F          0x08000152   Section        0  libinit2.o(.ARM.Collect$$libinit$$0000001F)
    .ARM.Collect$$libinit$$00000021          0x08000152   Section        0  libinit2.o(.ARM.Collect$$libinit$$00000021)
    .ARM.Collect$$libinit$$00000023          0x08000152   Section        0  libinit2.o(.ARM.Collect$$libinit$$00000023)
    .ARM.Collect$$libinit$$00000025          0x08000152   Section        0  libinit2.o(.ARM.Collect$$libinit$$00000025)
    .ARM.Collect$$libinit$$0000002C          0x08000152   Section        0  libinit2.o(.ARM.Collect$$libinit$$0000002C)
    .ARM.Collect$$libinit$$0000002E          0x08000152   Section        0  libinit2.o(.ARM.Collect$$libinit$$0000002E)
    .ARM.Collect$$libinit$$00000030          0x08000152   Section        0  libinit2.o(.ARM.Collect$$libinit$$00000030)
    .ARM.Collect$$libinit$$00000032          0x08000152   Section        0  libinit2.o(.ARM.Collect$$libinit$$00000032)
    .ARM.Collect$$libinit$$00000033          0x08000152   Section        2  libinit2.o(.ARM.Collect$$libinit$$00000033)
    .ARM.Collect$$libshutdown$$00000000      0x08000154   Section        2  libshutdown.o(.ARM.Collect$$libshutdown$$00000000)
    .ARM.Collect$$libshutdown$$00000002      0x08000156   Section        0  libshutdown2.o(.ARM.Collect$$libshutdown$$00000002)
    .ARM.Collect$$libshutdown$$00000004      0x08000156   Section        0  libshutdown2.o(.ARM.Collect$$libshutdown$$00000004)
    .ARM.Collect$$libshutdown$$00000006      0x08000156   Section        0  libshutdown2.o(.ARM.Collect$$libshutdown$$00000006)
    .ARM.Collect$$libshutdown$$00000009      0x08000156   Section        0  libshutdown2.o(.ARM.Collect$$libshutdown$$00000009)
    .ARM.Collect$$libshutdown$$0000000C      0x08000156   Section        0  libshutdown2.o(.ARM.Collect$$libshutdown$$0000000C)
    .ARM.Collect$$libshutdown$$0000000E      0x08000156   Section        0  libshutdown2.o(.ARM.Collect$$libshutdown$$0000000E)
    .ARM.Collect$$libshutdown$$00000011      0x08000156   Section        0  libshutdown2.o(.ARM.Collect$$libshutdown$$00000011)
    .ARM.Collect$$libshutdown$$00000012      0x08000156   Section        2  libshutdown2.o(.ARM.Collect$$libshutdown$$00000012)
    .ARM.Collect$$rtentry$$00000000          0x08000158   Section        0  __rtentry.o(.ARM.Collect$$rtentry$$00000000)
    .ARM.Collect$$rtentry$$00000002          0x08000158   Section        0  __rtentry2.o(.ARM.Collect$$rtentry$$00000002)
    .ARM.Collect$$rtentry$$00000004          0x08000158   Section        6  __rtentry4.o(.ARM.Collect$$rtentry$$00000004)
    .ARM.Collect$$rtentry$$00000009          0x0800015e   Section        0  __rtentry2.o(.ARM.Collect$$rtentry$$00000009)
    .ARM.Collect$$rtentry$$0000000A          0x0800015e   Section        4  __rtentry2.o(.ARM.Collect$$rtentry$$0000000A)
    .ARM.Collect$$rtentry$$0000000C          0x08000162   Section        0  __rtentry2.o(.ARM.Collect$$rtentry$$0000000C)
    .ARM.Collect$$rtentry$$0000000D          0x08000162   Section        8  __rtentry2.o(.ARM.Collect$$rtentry$$0000000D)
    .ARM.Collect$$rtexit$$00000000           0x0800016a   Section        2  rtexit.o(.ARM.Collect$$rtexit$$00000000)
    .ARM.Collect$$rtexit$$00000002           0x0800016c   Section        0  rtexit2.o(.ARM.Collect$$rtexit$$00000002)
    .ARM.Collect$$rtexit$$00000003           0x0800016c   Section        4  rtexit2.o(.ARM.Collect$$rtexit$$00000003)
    .ARM.Collect$$rtexit$$00000004           0x08000170   Section        6  rtexit2.o(.ARM.Collect$$rtexit$$00000004)
    .emb_text                                0x08000178   Section      150  port.o(.emb_text)
    .text                                    0x08000210   Section       64  startup_at32f421c8t7.o(.text)
    .text                                    0x08000250   Section        2  use_no_semi_2.o(.text)
    .text                                    0x08000254   Section        0  noretval__2printf.o(.text)
    .text                                    0x0800026c   Section        0  __printf.o(.text)
    .text                                    0x080002d4   Section        0  _printf_str.o(.text)
    .text                                    0x08000328   Section        0  _printf_dec.o(.text)
    .text                                    0x080003a0   Section      138  rt_memcpy_v6.o(.text)
    .text                                    0x0800042a   Section       16  aeabi_memset.o(.text)
    .text                                    0x0800043a   Section       68  rt_memclr.o(.text)
    .text                                    0x0800047e   Section        0  heapauxi.o(.text)
    .text                                    0x08000484   Section        2  use_no_semi.o(.text)
    .text                                    0x08000486   Section        0  _printf_intcommon.o(.text)
    .text                                    0x08000538   Section        0  _printf_char_common.o(.text)
    _printf_input_char                       0x08000539   Thumb Code    10  _printf_char_common.o(.text)
    .text                                    0x08000568   Section        0  _printf_char.o(.text)
    .text                                    0x08000594   Section        0  _printf_char_file.o(.text)
    .text                                    0x080005b8   Section      100  rt_memcpy_w.o(.text)
    .text                                    0x0800061c   Section       78  rt_memclr_w.o(.text)
    .text                                    0x0800066a   Section        0  ferror.o(.text)
    .text                                    0x08000672   Section       74  sys_stackheap_outer.o(.text)
    .text                                    0x080006bc   Section        0  exit.o(.text)
    .text                                    0x080006d0   Section        8  libspace.o(.text)
    i.A04E_Init                              0x080006d8   Section        0  module_pinconfig.o(i.A04E_Init)
    i.AC_PIN_Init                            0x080006f6   Section        0  module_pinconfig.o(i.AC_PIN_Init)
    i.BusFault_Handler                       0x08000716   Section        0  at32f4xx_it.o(i.BusFault_Handler)
    i.CN3762_Init                            0x0800071a   Section        0  module_pinconfig.o(i.CN3762_Init)
    i.Communite_Init                         0x08000738   Section        0  communite.o(i.Communite_Init)
    i.DMACHx_Init                            0x080007e0   Section        0  dma.o(i.DMACHx_Init)
    i.DMA_ChannelEnable                      0x08000830   Section        0  at32f4xx_dma.o(i.DMA_ChannelEnable)
    i.DMA_Init                               0x08000848   Section        0  at32f4xx_dma.o(i.DMA_Init)
    i.DebugMon_Handler                       0x08000884   Section        0  at32f4xx_it.o(i.DebugMon_Handler)
    i.GPIO_Init                              0x08000886   Section        0  at32f4xx_gpio_ex.o(i.GPIO_Init)
    i.GPIO_PinAFConfig                       0x08000998   Section        0  at32f4xx_gpio_ex.o(i.GPIO_PinAFConfig)
    i.GPIO_ResetBits                         0x080009de   Section        0  at32f4xx_gpio_ex.o(i.GPIO_ResetBits)
    i.GPIO_SetBits                           0x080009e2   Section        0  at32f4xx_gpio_ex.o(i.GPIO_SetBits)
    i.HDF4_Init                              0x080009e8   Section        0  module_pinconfig.o(i.HDF4_Init)
    i.HardFault_Handler                      0x08000a1c   Section        0  at32f4xx_it.o(i.HardFault_Handler)
    i.HardWare_Init                          0x08000a20   Section        0  module_pinconfig.o(i.HardWare_Init)
    i.LED_GPIO_INIT                          0x08000a40   Section        0  led.o(i.LED_GPIO_INIT)
    i.MemManage_Handler                      0x08000ad8   Section        0  at32f4xx_it.o(i.MemManage_Handler)
    i.MotorGpioInit                          0x08000adc   Section        0  motor.o(i.MotorGpioInit)
    i.NMI_Handler                            0x08000c44   Section        0  at32f4xx_it.o(i.NMI_Handler)
    i.NVIC_PriorityGroupConfig               0x08000c48   Section        0  misc.o(i.NVIC_PriorityGroupConfig)
    i.PowerPin_Init                          0x08000c5c   Section        0  module_pinconfig.o(i.PowerPin_Init)
    i.RCC_AHBPeriphClockCmd                  0x08000ce8   Section        0  at32f4xx_rcc.o(i.RCC_AHBPeriphClockCmd)
    i.RCC_APB1PeriphClockCmd                 0x08000d08   Section        0  at32f4xx_rcc.o(i.RCC_APB1PeriphClockCmd)
    i.RCC_APB2PeriphClockCmd                 0x08000d28   Section        0  at32f4xx_rcc.o(i.RCC_APB2PeriphClockCmd)
    i.RCC_GetClocksFreq                      0x08000d48   Section        0  at32f4xx_rcc.o(i.RCC_GetClocksFreq)
    i.SetSysClock                            0x08001010   Section        0  system_at32f4xx.o(i.SetSysClock)
    SetSysClock                              0x08001011   Thumb Code     8  system_at32f4xx.o(i.SetSysClock)
    i.SetSysClockTo96MHSI                    0x08001018   Section        0  system_at32f4xx.o(i.SetSysClockTo96MHSI)
    SetSysClockTo96MHSI                      0x08001019   Thumb Code   212  system_at32f4xx.o(i.SetSysClockTo96MHSI)
    i.SysTick_CLKSourceConfig                0x080010fc   Section        0  misc.o(i.SysTick_CLKSourceConfig)
    i.SysTick_Handler                        0x08001124   Section        0  delay.o(i.SysTick_Handler)
    i.Sys_Led                                0x08001134   Section        0  led.o(i.Sys_Led)
    i.SystemInit                             0x080011f0   Section        0  system_at32f4xx.o(i.SystemInit)
    i.TMR_Cmd                                0x08001264   Section        0  at32f4xx_tim.o(i.TMR_Cmd)
    i.TMR_OC1Init                            0x0800127c   Section        0  at32f4xx_tim.o(i.TMR_OC1Init)
    i.TMR_TimeBaseInit                       0x08001320   Section        0  at32f4xx_tim.o(i.TMR_TimeBaseInit)
    i.UARTx_Init                             0x080013a8   Section        0  usart.o(i.UARTx_Init)
    i.USART_Cmd                              0x080014ac   Section        0  at32f4xx_usart.o(i.USART_Cmd)
    i.USART_DMACmd                           0x080014c4   Section        0  at32f4xx_usart.o(i.USART_DMACmd)
    i.USART_Init                             0x080014d8   Section        0  at32f4xx_usart.o(i.USART_Init)
    i.UsageFault_Handler                     0x080015b0   Section        0  at32f4xx_it.o(i.UsageFault_Handler)
    i._sys_exit                              0x080015b4   Section        0  usart.o(i._sys_exit)
    i.delay_init                             0x080015b8   Section        0  delay.o(i.delay_init)
    i.fputc                                  0x08001614   Section        0  usart.o(i.fputc)
    i.main                                   0x08001630   Section        0  main.o(i.main)
    i.prvAddCurrentTaskToDelayedList         0x080016a8   Section        0  tasks.o(i.prvAddCurrentTaskToDelayedList)
    prvAddCurrentTaskToDelayedList           0x080016a9   Thumb Code   124  tasks.o(i.prvAddCurrentTaskToDelayedList)
    i.prvAddNewTaskToReadyList               0x08001740   Section        0  tasks.o(i.prvAddNewTaskToReadyList)
    prvAddNewTaskToReadyList                 0x08001741   Thumb Code   156  tasks.o(i.prvAddNewTaskToReadyList)
    i.prvCheckForValidListAndQueue           0x080017f8   Section        0  timers.o(i.prvCheckForValidListAndQueue)
    prvCheckForValidListAndQueue             0x080017f9   Thumb Code    72  timers.o(i.prvCheckForValidListAndQueue)
    i.prvCheckTasksWaitingTermination        0x0800185c   Section        0  tasks.o(i.prvCheckTasksWaitingTermination)
    prvCheckTasksWaitingTermination          0x0800185d   Thumb Code    86  tasks.o(i.prvCheckTasksWaitingTermination)
    i.prvCopyDataFromQueue                   0x080018c0   Section        0  queue.o(i.prvCopyDataFromQueue)
    prvCopyDataFromQueue                     0x080018c1   Thumb Code    42  queue.o(i.prvCopyDataFromQueue)
    i.prvCopyDataToQueue                     0x080018ea   Section        0  queue.o(i.prvCopyDataToQueue)
    prvCopyDataToQueue                       0x080018eb   Thumb Code   124  queue.o(i.prvCopyDataToQueue)
    i.prvDeleteTCB                           0x08001966   Section        0  tasks.o(i.prvDeleteTCB)
    prvDeleteTCB                             0x08001967   Thumb Code    18  tasks.o(i.prvDeleteTCB)
    i.prvGetNextExpireTime                   0x08001978   Section        0  timers.o(i.prvGetNextExpireTime)
    prvGetNextExpireTime                     0x08001979   Thumb Code    36  timers.o(i.prvGetNextExpireTime)
    i.prvHeapInit                            0x080019a0   Section        0  heap_4.o(i.prvHeapInit)
    prvHeapInit                              0x080019a1   Thumb Code    98  heap_4.o(i.prvHeapInit)
    i.prvIdleTask                            0x08001a1c   Section        0  tasks.o(i.prvIdleTask)
    prvIdleTask                              0x08001a1d   Thumb Code    32  tasks.o(i.prvIdleTask)
    i.prvInitialiseNewQueue                  0x08001a44   Section        0  queue.o(i.prvInitialiseNewQueue)
    prvInitialiseNewQueue                    0x08001a45   Thumb Code    46  queue.o(i.prvInitialiseNewQueue)
    i.prvInitialiseNewTask                   0x08001a74   Section        0  tasks.o(i.prvInitialiseNewTask)
    prvInitialiseNewTask                     0x08001a75   Thumb Code   170  tasks.o(i.prvInitialiseNewTask)
    i.prvInitialiseTaskLists                 0x08001b48   Section        0  tasks.o(i.prvInitialiseTaskLists)
    prvInitialiseTaskLists                   0x08001b49   Thumb Code    70  tasks.o(i.prvInitialiseTaskLists)
    i.prvInsertBlockIntoFreeList             0x08001bb0   Section        0  heap_4.o(i.prvInsertBlockIntoFreeList)
    prvInsertBlockIntoFreeList               0x08001bb1   Thumb Code    96  heap_4.o(i.prvInsertBlockIntoFreeList)
    i.prvInsertTimerInActiveList             0x08001c18   Section        0  timers.o(i.prvInsertTimerInActiveList)
    prvInsertTimerInActiveList               0x08001c19   Thumb Code    80  timers.o(i.prvInsertTimerInActiveList)
    i.prvIsQueueEmpty                        0x08001c70   Section        0  queue.o(i.prvIsQueueEmpty)
    prvIsQueueEmpty                          0x08001c71   Thumb Code    26  queue.o(i.prvIsQueueEmpty)
    i.prvIsQueueFull                         0x08001c8a   Section        0  queue.o(i.prvIsQueueFull)
    prvIsQueueFull                           0x08001c8b   Thumb Code    30  queue.o(i.prvIsQueueFull)
    i.prvNotifyQueueSetContainer             0x08001ca8   Section        0  queue.o(i.prvNotifyQueueSetContainer)
    prvNotifyQueueSetContainer               0x08001ca9   Thumb Code   124  queue.o(i.prvNotifyQueueSetContainer)
    i.prvProcessExpiredTimer                 0x08001d4c   Section        0  timers.o(i.prvProcessExpiredTimer)
    prvProcessExpiredTimer                   0x08001d4d   Thumb Code    84  timers.o(i.prvProcessExpiredTimer)
    i.prvProcessReceivedCommands             0x08001dd0   Section        0  timers.o(i.prvProcessReceivedCommands)
    prvProcessReceivedCommands               0x08001dd1   Thumb Code   254  timers.o(i.prvProcessReceivedCommands)
    i.prvProcessTimerOrBlockTask             0x08001f00   Section        0  timers.o(i.prvProcessTimerOrBlockTask)
    prvProcessTimerOrBlockTask               0x08001f01   Thumb Code   102  timers.o(i.prvProcessTimerOrBlockTask)
    i.prvResetNextTaskUnblockTime            0x08001f74   Section        0  tasks.o(i.prvResetNextTaskUnblockTime)
    prvResetNextTaskUnblockTime              0x08001f75   Thumb Code    42  tasks.o(i.prvResetNextTaskUnblockTime)
    i.prvSampleTimeNow                       0x08001fa8   Section        0  timers.o(i.prvSampleTimeNow)
    prvSampleTimeNow                         0x08001fa9   Thumb Code    40  timers.o(i.prvSampleTimeNow)
    i.prvSwitchTimerLists                    0x08001fd4   Section        0  timers.o(i.prvSwitchTimerLists)
    prvSwitchTimerLists                      0x08001fd5   Thumb Code   140  timers.o(i.prvSwitchTimerLists)
    i.prvTaskExitError                       0x08002094   Section        0  port.o(i.prvTaskExitError)
    prvTaskExitError                         0x08002095   Thumb Code    48  port.o(i.prvTaskExitError)
    i.prvTimerTask                           0x08002100   Section        0  timers.o(i.prvTimerTask)
    prvTimerTask                             0x08002101   Thumb Code    26  timers.o(i.prvTimerTask)
    i.prvUnlockQueue                         0x0800211a   Section        0  queue.o(i.prvUnlockQueue)
    prvUnlockQueue                           0x0800211b   Thumb Code   146  queue.o(i.prvUnlockQueue)
    i.pvPortMalloc                           0x080021ac   Section        0  heap_4.o(i.pvPortMalloc)
    i.pvTaskIncrementMutexHeldCount          0x080022fc   Section        0  tasks.o(i.pvTaskIncrementMutexHeldCount)
    i.pxPortInitialiseStack                  0x0800231c   Section        0  port.o(i.pxPortInitialiseStack)
    i.start_task                             0x08002340   Section        0  main.o(i.start_task)
    i.task1                                  0x080023ec   Section        0  main.o(i.task1)
    i.task2                                  0x080023fc   Section        0  main.o(i.task2)
    i.task3                                  0x08002414   Section        0  main.o(i.task3)
    i.task4                                  0x0800241e   Section        0  main.o(i.task4)
    i.uxListRemove                           0x08002428   Section        0  list.o(i.uxListRemove)
    i.vListInitialise                        0x08002450   Section        0  list.o(i.vListInitialise)
    i.vListInitialiseItem                    0x0800246a   Section        0  list.o(i.vListInitialiseItem)
    i.vListInsert                            0x08002470   Section        0  list.o(i.vListInsert)
    i.vListInsertEnd                         0x080024a4   Section        0  list.o(i.vListInsertEnd)
    i.vPortEnterCritical                     0x080024bc   Section        0  port.o(i.vPortEnterCritical)
    i.vPortExitCritical                      0x08002540   Section        0  port.o(i.vPortExitCritical)
    i.vPortFree                              0x080025ac   Section        0  heap_4.o(i.vPortFree)
    i.vPortSetupTimerInterrupt               0x08002660   Section        0  port.o(i.vPortSetupTimerInterrupt)
    i.vPortValidateInterruptPriority         0x08002680   Section        0  port.o(i.vPortValidateInterruptPriority)
    i.vQueueAddToRegistry                    0x0800271c   Section        0  queue.o(i.vQueueAddToRegistry)
    i.vQueueWaitForMessageRestricted         0x08002748   Section        0  queue.o(i.vQueueWaitForMessageRestricted)
    i.vTaskDelay                             0x08002794   Section        0  tasks.o(i.vTaskDelay)
    i.vTaskDelete                            0x0800280c   Section        0  tasks.o(i.vTaskDelete)
    i.vTaskMissedYield                       0x0800291c   Section        0  tasks.o(i.vTaskMissedYield)
    i.vTaskPlaceOnEventList                  0x08002928   Section        0  tasks.o(i.vTaskPlaceOnEventList)
    i.vTaskPlaceOnEventListRestricted        0x08002980   Section        0  tasks.o(i.vTaskPlaceOnEventListRestricted)
    i.vTaskPriorityInherit                   0x080029e0   Section        0  tasks.o(i.vTaskPriorityInherit)
    i.vTaskSetTimeOutState                   0x08002a90   Section        0  tasks.o(i.vTaskSetTimeOutState)
    i.vTaskStartScheduler                    0x08002ae0   Section        0  tasks.o(i.vTaskStartScheduler)
    i.vTaskSuspendAll                        0x08002b90   Section        0  tasks.o(i.vTaskSuspendAll)
    i.vTaskSwitchContext                     0x08002ba0   Section        0  tasks.o(i.vTaskSwitchContext)
    i.xPortStartScheduler                    0x08002c4c   Section        0  port.o(i.xPortStartScheduler)
    i.xPortSysTickHandler                    0x08002cec   Section        0  port.o(i.xPortSysTickHandler)
    i.xQueueGenericCreate                    0x08002d20   Section        0  queue.o(i.xQueueGenericCreate)
    i.xQueueGenericReceive                   0x08002d98   Section        0  queue.o(i.xQueueGenericReceive)
    i.xQueueGenericReset                     0x08002f64   Section        0  queue.o(i.xQueueGenericReset)
    i.xQueueGenericSend                      0x08003018   Section        0  queue.o(i.xQueueGenericSend)
    i.xQueueGenericSendFromISR               0x080031e0   Section        0  queue.o(i.xQueueGenericSendFromISR)
    i.xTaskCheckForTimeOut                   0x080032f4   Section        0  tasks.o(i.xTaskCheckForTimeOut)
    i.xTaskCreate                            0x08003398   Section        0  tasks.o(i.xTaskCreate)
    i.xTaskGetSchedulerState                 0x080033f8   Section        0  tasks.o(i.xTaskGetSchedulerState)
    i.xTaskGetTickCount                      0x08003418   Section        0  tasks.o(i.xTaskGetTickCount)
    i.xTaskIncrementTick                     0x08003424   Section        0  tasks.o(i.xTaskIncrementTick)
    i.xTaskPriorityDisinherit                0x08003588   Section        0  tasks.o(i.xTaskPriorityDisinherit)
    i.xTaskRemoveFromEventList               0x08003664   Section        0  tasks.o(i.xTaskRemoveFromEventList)
    i.xTaskResumeAll                         0x0800371c   Section        0  tasks.o(i.xTaskResumeAll)
    i.xTimerCreateTimerTask                  0x08003840   Section        0  timers.o(i.xTimerCreateTimerTask)
    i.xTimerGenericCommand                   0x080038b8   Section        0  timers.o(i.xTimerGenericCommand)
    .constdata                               0x08003960   Section       16  at32f4xx_rcc.o(.constdata)
    APBAHBPscTable                           0x08003960   Data           8  at32f4xx_rcc.o(.constdata)
    ADCPscTable                              0x08003968   Data           8  at32f4xx_rcc.o(.constdata)
    .data                                    0x20000000   Section       22  main.o(.data)
    cnt                                      0x20000014   Data           2  main.o(.data)
    .data                                    0x20000016   Section        6  led.o(.data)
    flag                                     0x20000016   Data           1  led.o(.data)
    cnt1                                     0x20000018   Data           2  led.o(.data)
    cnt2                                     0x2000001a   Data           2  led.o(.data)
    .data                                    0x2000001c   Section       20  communite.o(.data)
    .data                                    0x20000030   Section        4  delay.o(.data)
    fac_us                                   0x20000030   Data           1  delay.o(.data)
    fac_ms                                   0x20000032   Data           2  delay.o(.data)
    .data                                    0x20000034   Section        4  usart.o(.data)
    .data                                    0x20000038   Section       20  system_at32f4xx.o(.data)
    .data                                    0x2000004c   Section       60  tasks.o(.data)
    pxDelayedTaskList                        0x20000050   Data           4  tasks.o(.data)
    pxOverflowDelayedTaskList                0x20000054   Data           4  tasks.o(.data)
    uxDeletedTasksWaitingCleanUp             0x20000058   Data           4  tasks.o(.data)
    uxCurrentNumberOfTasks                   0x2000005c   Data           4  tasks.o(.data)
    xTickCount                               0x20000060   Data           4  tasks.o(.data)
    uxTopReadyPriority                       0x20000064   Data           4  tasks.o(.data)
    xSchedulerRunning                        0x20000068   Data           4  tasks.o(.data)
    uxPendedTicks                            0x2000006c   Data           4  tasks.o(.data)
    xYieldPending                            0x20000070   Data           4  tasks.o(.data)
    xNumOfOverflows                          0x20000074   Data           4  tasks.o(.data)
    uxTaskNumber                             0x20000078   Data           4  tasks.o(.data)
    xNextTaskUnblockTime                     0x2000007c   Data           4  tasks.o(.data)
    xIdleTaskHandle                          0x20000080   Data           4  tasks.o(.data)
    uxSchedulerSuspended                     0x20000084   Data           4  tasks.o(.data)
    .data                                    0x20000088   Section       20  timers.o(.data)
    pxCurrentTimerList                       0x20000088   Data           4  timers.o(.data)
    pxOverflowTimerList                      0x2000008c   Data           4  timers.o(.data)
    xTimerQueue                              0x20000090   Data           4  timers.o(.data)
    xTimerTaskHandle                         0x20000094   Data           4  timers.o(.data)
    xLastTime                                0x20000098   Data           4  timers.o(.data)
    .data                                    0x2000009c   Section       24  heap_4.o(.data)
    xStart                                   0x2000009c   Data           8  heap_4.o(.data)
    pxEnd                                    0x200000a4   Data           4  heap_4.o(.data)
    xFreeBytesRemaining                      0x200000a8   Data           4  heap_4.o(.data)
    xMinimumEverFreeBytesRemaining           0x200000ac   Data           4  heap_4.o(.data)
    xBlockAllocatedBit                       0x200000b0   Data           4  heap_4.o(.data)
    .data                                    0x200000b4   Section       12  port.o(.data)
    uxCriticalNesting                        0x200000b4   Data           4  port.o(.data)
    ucMaxSysCallPriority                     0x200000b8   Data           1  port.o(.data)
    ulMaxPRIGROUPValue                       0x200000bc   Data           4  port.o(.data)
    .bss                                     0x200000c0   Section     1982  communite.o(.bss)
    .bss                                     0x20000880   Section       64  queue.o(.bss)
    .bss                                     0x200008c0   Section      740  tasks.o(.bss)
    pxReadyTasksLists                        0x200008c0   Data         640  tasks.o(.bss)
    xDelayedTaskList1                        0x20000b40   Data          20  tasks.o(.bss)
    xDelayedTaskList2                        0x20000b54   Data          20  tasks.o(.bss)
    xPendingReadyList                        0x20000b68   Data          20  tasks.o(.bss)
    xTasksWaitingTermination                 0x20000b7c   Data          20  tasks.o(.bss)
    xSuspendedTaskList                       0x20000b90   Data          20  tasks.o(.bss)
    .bss                                     0x20000ba4   Section       40  timers.o(.bss)
    xActiveTimerList1                        0x20000ba4   Data          20  timers.o(.bss)
    xActiveTimerList2                        0x20000bb8   Data          20  timers.o(.bss)
    .bss                                     0x20000bcc   Section    10240  heap_4.o(.bss)
    ucHeap                                   0x20000bcc   Data       10240  heap_4.o(.bss)
    .bss                                     0x200033cc   Section       96  libspace.o(.bss)
    HEAP                                     0x20003430   Section      512  startup_at32f421c8t7.o(HEAP)
    Heap_Mem                                 0x20003430   Data         512  startup_at32f421c8t7.o(HEAP)
    STACK                                    0x20003630   Section     1024  startup_at32f421c8t7.o(STACK)
    Stack_Mem                                0x20003630   Data        1024  startup_at32f421c8t7.o(STACK)
    __initial_sp                             0x20003a30   Data           0  startup_at32f421c8t7.o(STACK)

    Global Symbols

    Symbol Name                              Value     Ov Type        Size  Object(Section)

    BuildAttributes$$THM_ISAv4$E$P$D$K$B$S$7EM$PE$A:L22UL41UL21$X:L11$S22US41US21$IEEE1$IW$USESV6$~STKCKD$USESV7$~SHL$OSPACE$ROPI$EBA8$UX$STANDARDLIB$REQ8$PRES8$EABIv2 0x00000000   Number         0  anon$$obj.o ABSOLUTE
    __ARM_use_no_argv                        0x00000000   Number         0  main.o ABSOLUTE
    __ARM_exceptions_init                     - Undefined Weak Reference
    __alloca_initialize                       - Undefined Weak Reference
    __arm_fini_                               - Undefined Weak Reference
    __arm_preinit_                            - Undefined Weak Reference
    __cpp_initialize__aeabi_                  - Undefined Weak Reference
    __cxa_finalize                            - Undefined Weak Reference
    __rt_locale                               - Undefined Weak Reference
    __sigvec_lookup                           - Undefined Weak Reference
    _atexit_init                              - Undefined Weak Reference
    _call_atexit_fns                          - Undefined Weak Reference
    _clock_init                               - Undefined Weak Reference
    _fp_trap_init                             - Undefined Weak Reference
    _fp_trap_shutdown                         - Undefined Weak Reference
    _get_lc_collate                           - Undefined Weak Reference
    _get_lc_ctype                             - Undefined Weak Reference
    _get_lc_monetary                          - Undefined Weak Reference
    _get_lc_numeric                           - Undefined Weak Reference
    _get_lc_time                              - Undefined Weak Reference
    _getenv_init                              - Undefined Weak Reference
    _handle_redirection                       - Undefined Weak Reference
    _init_alloc                               - Undefined Weak Reference
    _init_user_alloc                          - Undefined Weak Reference
    _initio                                   - Undefined Weak Reference
    _mutex_acquire                            - Undefined Weak Reference
    _mutex_release                            - Undefined Weak Reference
    _printf_mbtowc                            - Undefined Weak Reference
    _printf_post_padding                      - Undefined Weak Reference
    _printf_pre_padding                       - Undefined Weak Reference
    _printf_truncate_signed                   - Undefined Weak Reference
    _printf_truncate_unsigned                 - Undefined Weak Reference
    _rand_init                                - Undefined Weak Reference
    _signal_finish                            - Undefined Weak Reference
    _signal_init                              - Undefined Weak Reference
    _terminate_alloc                          - Undefined Weak Reference
    _terminate_user_alloc                     - Undefined Weak Reference
    _terminateio                              - Undefined Weak Reference
    __Vectors_Size                           0x000000cc   Number         0  startup_at32f421c8t7.o ABSOLUTE
    __Vectors                                0x08000000   Data           4  startup_at32f421c8t7.o(RESET)
    __Vectors_End                            0x080000cc   Data           0  startup_at32f421c8t7.o(RESET)
    __main                                   0x080000cd   Thumb Code     8  __main.o(!!!main)
    __scatterload                            0x080000d5   Thumb Code     0  __scatter.o(!!!scatter)
    __scatterload_rt2                        0x080000d5   Thumb Code    44  __scatter.o(!!!scatter)
    __scatterload_rt2_thumb_only             0x080000d5   Thumb Code     0  __scatter.o(!!!scatter)
    __scatterload_null                       0x080000e3   Thumb Code     0  __scatter.o(!!!scatter)
    __scatterload_copy                       0x08000109   Thumb Code    26  __scatter_copy.o(!!handler_copy)
    __scatterload_zeroinit                   0x08000125   Thumb Code    28  __scatter_zi.o(!!handler_zi)
    _printf_d                                0x08000141   Thumb Code     0  _printf_d.o(.ARM.Collect$$_printf_percent$$00000009)
    _printf_percent                          0x08000141   Thumb Code     0  _printf_percent.o(.ARM.Collect$$_printf_percent$$00000000)
    _printf_s                                0x08000147   Thumb Code     0  _printf_s.o(.ARM.Collect$$_printf_percent$$00000014)
    _printf_percent_end                      0x0800014d   Thumb Code     0  _printf_percent_end.o(.ARM.Collect$$_printf_percent$$00000017)
    __rt_lib_init                            0x08000151   Thumb Code     0  libinit.o(.ARM.Collect$$libinit$$00000000)
    __rt_lib_init_alloca_1                   0x08000153   Thumb Code     0  libinit2.o(.ARM.Collect$$libinit$$0000002E)
    __rt_lib_init_argv_1                     0x08000153   Thumb Code     0  libinit2.o(.ARM.Collect$$libinit$$0000002C)
    __rt_lib_init_atexit_1                   0x08000153   Thumb Code     0  libinit2.o(.ARM.Collect$$libinit$$0000001B)
    __rt_lib_init_clock_1                    0x08000153   Thumb Code     0  libinit2.o(.ARM.Collect$$libinit$$00000021)
    __rt_lib_init_cpp_1                      0x08000153   Thumb Code     0  libinit2.o(.ARM.Collect$$libinit$$00000032)
    __rt_lib_init_exceptions_1               0x08000153   Thumb Code     0  libinit2.o(.ARM.Collect$$libinit$$00000030)
    __rt_lib_init_fp_1                       0x08000153   Thumb Code     0  libinit2.o(.ARM.Collect$$libinit$$00000002)
    __rt_lib_init_fp_trap_1                  0x08000153   Thumb Code     0  libinit2.o(.ARM.Collect$$libinit$$0000001F)
    __rt_lib_init_getenv_1                   0x08000153   Thumb Code     0  libinit2.o(.ARM.Collect$$libinit$$00000023)
    __rt_lib_init_heap_1                     0x08000153   Thumb Code     0  libinit2.o(.ARM.Collect$$libinit$$0000000A)
    __rt_lib_init_lc_collate_1               0x08000153   Thumb Code     0  libinit2.o(.ARM.Collect$$libinit$$00000011)
    __rt_lib_init_lc_ctype_1                 0x08000153   Thumb Code     0  libinit2.o(.ARM.Collect$$libinit$$00000013)
    __rt_lib_init_lc_monetary_1              0x08000153   Thumb Code     0  libinit2.o(.ARM.Collect$$libinit$$00000015)
    __rt_lib_init_lc_numeric_1               0x08000153   Thumb Code     0  libinit2.o(.ARM.Collect$$libinit$$00000017)
    __rt_lib_init_lc_time_1                  0x08000153   Thumb Code     0  libinit2.o(.ARM.Collect$$libinit$$00000019)
    __rt_lib_init_preinit_1                  0x08000153   Thumb Code     0  libinit2.o(.ARM.Collect$$libinit$$00000004)
    __rt_lib_init_rand_1                     0x08000153   Thumb Code     0  libinit2.o(.ARM.Collect$$libinit$$0000000E)
    __rt_lib_init_return                     0x08000153   Thumb Code     0  libinit2.o(.ARM.Collect$$libinit$$00000033)
    __rt_lib_init_signal_1                   0x08000153   Thumb Code     0  libinit2.o(.ARM.Collect$$libinit$$0000001D)
    __rt_lib_init_stdio_1                    0x08000153   Thumb Code     0  libinit2.o(.ARM.Collect$$libinit$$00000025)
    __rt_lib_init_user_alloc_1               0x08000153   Thumb Code     0  libinit2.o(.ARM.Collect$$libinit$$0000000C)
    __rt_lib_shutdown                        0x08000155   Thumb Code     0  libshutdown.o(.ARM.Collect$$libshutdown$$00000000)
    __rt_lib_shutdown_cpp_1                  0x08000157   Thumb Code     0  libshutdown2.o(.ARM.Collect$$libshutdown$$00000004)
    __rt_lib_shutdown_fini_1                 0x08000157   Thumb Code     0  libshutdown2.o(.ARM.Collect$$libshutdown$$00000002)
    __rt_lib_shutdown_fp_trap_1              0x08000157   Thumb Code     0  libshutdown2.o(.ARM.Collect$$libshutdown$$00000009)
    __rt_lib_shutdown_heap_1                 0x08000157   Thumb Code     0  libshutdown2.o(.ARM.Collect$$libshutdown$$00000011)
    __rt_lib_shutdown_return                 0x08000157   Thumb Code     0  libshutdown2.o(.ARM.Collect$$libshutdown$$00000012)
    __rt_lib_shutdown_signal_1               0x08000157   Thumb Code     0  libshutdown2.o(.ARM.Collect$$libshutdown$$0000000C)
    __rt_lib_shutdown_stdio_1                0x08000157   Thumb Code     0  libshutdown2.o(.ARM.Collect$$libshutdown$$00000006)
    __rt_lib_shutdown_user_alloc_1           0x08000157   Thumb Code     0  libshutdown2.o(.ARM.Collect$$libshutdown$$0000000E)
    __rt_entry                               0x08000159   Thumb Code     0  __rtentry.o(.ARM.Collect$$rtentry$$00000000)
    __rt_entry_presh_1                       0x08000159   Thumb Code     0  __rtentry2.o(.ARM.Collect$$rtentry$$00000002)
    __rt_entry_sh                            0x08000159   Thumb Code     0  __rtentry4.o(.ARM.Collect$$rtentry$$00000004)
    __rt_entry_li                            0x0800015f   Thumb Code     0  __rtentry2.o(.ARM.Collect$$rtentry$$0000000A)
    __rt_entry_postsh_1                      0x0800015f   Thumb Code     0  __rtentry2.o(.ARM.Collect$$rtentry$$00000009)
    __rt_entry_main                          0x08000163   Thumb Code     0  __rtentry2.o(.ARM.Collect$$rtentry$$0000000D)
    __rt_entry_postli_1                      0x08000163   Thumb Code     0  __rtentry2.o(.ARM.Collect$$rtentry$$0000000C)
    __rt_exit                                0x0800016b   Thumb Code     0  rtexit.o(.ARM.Collect$$rtexit$$00000000)
    __rt_exit_ls                             0x0800016d   Thumb Code     0  rtexit2.o(.ARM.Collect$$rtexit$$00000003)
    __rt_exit_prels_1                        0x0800016d   Thumb Code     0  rtexit2.o(.ARM.Collect$$rtexit$$00000002)
    __rt_exit_exit                           0x08000171   Thumb Code     0  rtexit2.o(.ARM.Collect$$rtexit$$00000004)
    SVC_Handler                              0x08000179   Thumb Code    32  port.o(.emb_text)
    __asm___6_port_c_39a90d8d__prvStartFirstTask 0x0800019d   Thumb Code    28  port.o(.emb_text)
    PendSV_Handler                           0x080001bd   Thumb Code    72  port.o(.emb_text)
    vPortGetIPSR                             0x08000209   Thumb Code     6  port.o(.emb_text)
    Reset_Handler                            0x08000211   Thumb Code     8  startup_at32f421c8t7.o(.text)
    ADC_COMP_IRQHandler                      0x0800022b   Thumb Code     0  startup_at32f421c8t7.o(.text)
    DMA1_Channel1_IRQHandler                 0x0800022b   Thumb Code     0  startup_at32f421c8t7.o(.text)
    DMA1_Channel3_2_IRQHandler               0x0800022b   Thumb Code     0  startup_at32f421c8t7.o(.text)
    DMA1_Channel7_4_IRQHandler               0x0800022b   Thumb Code     0  startup_at32f421c8t7.o(.text)
    ERTC_IRQHandler                          0x0800022b   Thumb Code     0  startup_at32f421c8t7.o(.text)
    EXTI15_4_IRQHandler                      0x0800022b   Thumb Code     0  startup_at32f421c8t7.o(.text)
    EXTI1_0_IRQHandler                       0x0800022b   Thumb Code     0  startup_at32f421c8t7.o(.text)
    EXTI3_2_IRQHandler                       0x0800022b   Thumb Code     0  startup_at32f421c8t7.o(.text)
    FLASH_IRQHandler                         0x0800022b   Thumb Code     0  startup_at32f421c8t7.o(.text)
    I2C1_ER_IRQHandler                       0x0800022b   Thumb Code     0  startup_at32f421c8t7.o(.text)
    I2C1_EV_IRQHandler                       0x0800022b   Thumb Code     0  startup_at32f421c8t7.o(.text)
    I2C2_ER_IRQHandler                       0x0800022b   Thumb Code     0  startup_at32f421c8t7.o(.text)
    I2C2_EV_IRQHandler                       0x0800022b   Thumb Code     0  startup_at32f421c8t7.o(.text)
    PVD_IRQHandler                           0x0800022b   Thumb Code     0  startup_at32f421c8t7.o(.text)
    RCC_IRQHandler                           0x0800022b   Thumb Code     0  startup_at32f421c8t7.o(.text)
    SPI1_IRQHandler                          0x0800022b   Thumb Code     0  startup_at32f421c8t7.o(.text)
    SPI2_IRQHandler                          0x0800022b   Thumb Code     0  startup_at32f421c8t7.o(.text)
    TMR14_GLOBAL_IRQHandler                  0x0800022b   Thumb Code     0  startup_at32f421c8t7.o(.text)
    TMR15_GLOBAL_IRQHandler                  0x0800022b   Thumb Code     0  startup_at32f421c8t7.o(.text)
    TMR16_GLOBAL_IRQHandler                  0x0800022b   Thumb Code     0  startup_at32f421c8t7.o(.text)
    TMR17_GLOBAL_IRQHandler                  0x0800022b   Thumb Code     0  startup_at32f421c8t7.o(.text)
    TMR1_BRK_UP_TRG_COM_IRQHandler           0x0800022b   Thumb Code     0  startup_at32f421c8t7.o(.text)
    TMR1_CC_IRQHandler                       0x0800022b   Thumb Code     0  startup_at32f421c8t7.o(.text)
    TMR3_GLOBAL_IRQHandler                   0x0800022b   Thumb Code     0  startup_at32f421c8t7.o(.text)
    TMR6_GLOBAL_IRQHandler                   0x0800022b   Thumb Code     0  startup_at32f421c8t7.o(.text)
    USART1_IRQHandler                        0x0800022b   Thumb Code     0  startup_at32f421c8t7.o(.text)
    USART2_IRQHandler                        0x0800022b   Thumb Code     0  startup_at32f421c8t7.o(.text)
    WWDG_IRQHandler                          0x0800022b   Thumb Code     0  startup_at32f421c8t7.o(.text)
    __user_initial_stackheap                 0x0800022d   Thumb Code     0  startup_at32f421c8t7.o(.text)
    __use_no_semihosting                     0x08000251   Thumb Code     2  use_no_semi_2.o(.text)
    __2printf                                0x08000255   Thumb Code    20  noretval__2printf.o(.text)
    __printf                                 0x0800026d   Thumb Code   104  __printf.o(.text)
    _printf_str                              0x080002d5   Thumb Code    82  _printf_str.o(.text)
    _printf_int_dec                          0x08000329   Thumb Code   104  _printf_dec.o(.text)
    __aeabi_memcpy                           0x080003a1   Thumb Code     0  rt_memcpy_v6.o(.text)
    __rt_memcpy                              0x080003a1   Thumb Code   138  rt_memcpy_v6.o(.text)
    _memcpy_lastbytes                        0x08000407   Thumb Code     0  rt_memcpy_v6.o(.text)
    __aeabi_memset                           0x0800042b   Thumb Code    16  aeabi_memset.o(.text)
    __aeabi_memclr                           0x0800043b   Thumb Code     0  rt_memclr.o(.text)
    __rt_memclr                              0x0800043b   Thumb Code    68  rt_memclr.o(.text)
    _memset                                  0x0800043f   Thumb Code     0  rt_memclr.o(.text)
    __use_two_region_memory                  0x0800047f   Thumb Code     2  heapauxi.o(.text)
    __rt_heap_escrow$2region                 0x08000481   Thumb Code     2  heapauxi.o(.text)
    __rt_heap_expand$2region                 0x08000483   Thumb Code     2  heapauxi.o(.text)
    __I$use$semihosting                      0x08000485   Thumb Code     0  use_no_semi.o(.text)
    __use_no_semihosting_swi                 0x08000485   Thumb Code     2  use_no_semi.o(.text)
    _printf_int_common                       0x08000487   Thumb Code   178  _printf_intcommon.o(.text)
    _printf_char_common                      0x08000543   Thumb Code    32  _printf_char_common.o(.text)
    _printf_cs_common                        0x08000569   Thumb Code    20  _printf_char.o(.text)
    _printf_char                             0x0800057d   Thumb Code    16  _printf_char.o(.text)
    _printf_string                           0x0800058d   Thumb Code     8  _printf_char.o(.text)
    _printf_char_file                        0x08000595   Thumb Code    32  _printf_char_file.o(.text)
    __aeabi_memcpy4                          0x080005b9   Thumb Code     0  rt_memcpy_w.o(.text)
    __aeabi_memcpy8                          0x080005b9   Thumb Code     0  rt_memcpy_w.o(.text)
    __rt_memcpy_w                            0x080005b9   Thumb Code   100  rt_memcpy_w.o(.text)
    _memcpy_lastbytes_aligned                0x08000601   Thumb Code     0  rt_memcpy_w.o(.text)
    __aeabi_memclr4                          0x0800061d   Thumb Code     0  rt_memclr_w.o(.text)
    __aeabi_memclr8                          0x0800061d   Thumb Code     0  rt_memclr_w.o(.text)
    __rt_memclr_w                            0x0800061d   Thumb Code    78  rt_memclr_w.o(.text)
    _memset_w                                0x08000621   Thumb Code     0  rt_memclr_w.o(.text)
    ferror                                   0x0800066b   Thumb Code     8  ferror.o(.text)
    __user_setup_stackheap                   0x08000673   Thumb Code    74  sys_stackheap_outer.o(.text)
    exit                                     0x080006bd   Thumb Code    18  exit.o(.text)
    __user_libspace                          0x080006d1   Thumb Code     8  libspace.o(.text)
    __user_perproc_libspace                  0x080006d1   Thumb Code     0  libspace.o(.text)
    __user_perthread_libspace                0x080006d1   Thumb Code     0  libspace.o(.text)
    A04E_Init                                0x080006d9   Thumb Code    30  module_pinconfig.o(i.A04E_Init)
    AC_PIN_Init                              0x080006f7   Thumb Code    32  module_pinconfig.o(i.AC_PIN_Init)
    BusFault_Handler                         0x08000717   Thumb Code     4  at32f4xx_it.o(i.BusFault_Handler)
    CN3762_Init                              0x0800071b   Thumb Code    30  module_pinconfig.o(i.CN3762_Init)
    Communite_Init                           0x08000739   Thumb Code   162  communite.o(i.Communite_Init)
    DMACHx_Init                              0x080007e1   Thumb Code    80  dma.o(i.DMACHx_Init)
    DMA_ChannelEnable                        0x08000831   Thumb Code    24  at32f4xx_dma.o(i.DMA_ChannelEnable)
    DMA_Init                                 0x08000849   Thumb Code    60  at32f4xx_dma.o(i.DMA_Init)
    DebugMon_Handler                         0x08000885   Thumb Code     2  at32f4xx_it.o(i.DebugMon_Handler)
    GPIO_Init                                0x08000887   Thumb Code   274  at32f4xx_gpio_ex.o(i.GPIO_Init)
    GPIO_PinAFConfig                         0x08000999   Thumb Code    70  at32f4xx_gpio_ex.o(i.GPIO_PinAFConfig)
    GPIO_ResetBits                           0x080009df   Thumb Code     4  at32f4xx_gpio_ex.o(i.GPIO_ResetBits)
    GPIO_SetBits                             0x080009e3   Thumb Code     4  at32f4xx_gpio_ex.o(i.GPIO_SetBits)
    HDF4_Init                                0x080009e9   Thumb Code    48  module_pinconfig.o(i.HDF4_Init)
    HardFault_Handler                        0x08000a1d   Thumb Code     4  at32f4xx_it.o(i.HardFault_Handler)
    HardWare_Init                            0x08000a21   Thumb Code    32  module_pinconfig.o(i.HardWare_Init)
    LED_GPIO_INIT                            0x08000a41   Thumb Code   148  led.o(i.LED_GPIO_INIT)
    MemManage_Handler                        0x08000ad9   Thumb Code     4  at32f4xx_it.o(i.MemManage_Handler)
    MotorGpioInit                            0x08000add   Thumb Code   342  motor.o(i.MotorGpioInit)
    NMI_Handler                              0x08000c45   Thumb Code     2  at32f4xx_it.o(i.NMI_Handler)
    NVIC_PriorityGroupConfig                 0x08000c49   Thumb Code    10  misc.o(i.NVIC_PriorityGroupConfig)
    PowerPin_Init                            0x08000c5d   Thumb Code   132  module_pinconfig.o(i.PowerPin_Init)
    RCC_AHBPeriphClockCmd                    0x08000ce9   Thumb Code    26  at32f4xx_rcc.o(i.RCC_AHBPeriphClockCmd)
    RCC_APB1PeriphClockCmd                   0x08000d09   Thumb Code    26  at32f4xx_rcc.o(i.RCC_APB1PeriphClockCmd)
    RCC_APB2PeriphClockCmd                   0x08000d29   Thumb Code    26  at32f4xx_rcc.o(i.RCC_APB2PeriphClockCmd)
    RCC_GetClocksFreq                        0x08000d49   Thumb Code   678  at32f4xx_rcc.o(i.RCC_GetClocksFreq)
    SysTick_CLKSourceConfig                  0x080010fd   Thumb Code    40  misc.o(i.SysTick_CLKSourceConfig)
    SysTick_Handler                          0x08001125   Thumb Code    16  delay.o(i.SysTick_Handler)
    Sys_Led                                  0x08001135   Thumb Code   172  led.o(i.Sys_Led)
    SystemInit                               0x080011f1   Thumb Code    92  system_at32f4xx.o(i.SystemInit)
    TMR_Cmd                                  0x08001265   Thumb Code    24  at32f4xx_tim.o(i.TMR_Cmd)
    TMR_OC1Init                              0x0800127d   Thumb Code   138  at32f4xx_tim.o(i.TMR_OC1Init)
    TMR_TimeBaseInit                         0x08001321   Thumb Code   106  at32f4xx_tim.o(i.TMR_TimeBaseInit)
    UARTx_Init                               0x080013a9   Thumb Code   250  usart.o(i.UARTx_Init)
    USART_Cmd                                0x080014ad   Thumb Code    24  at32f4xx_usart.o(i.USART_Cmd)
    USART_DMACmd                             0x080014c5   Thumb Code    18  at32f4xx_usart.o(i.USART_DMACmd)
    USART_Init                               0x080014d9   Thumb Code   210  at32f4xx_usart.o(i.USART_Init)
    UsageFault_Handler                       0x080015b1   Thumb Code     4  at32f4xx_it.o(i.UsageFault_Handler)
    _sys_exit                                0x080015b5   Thumb Code     4  usart.o(i._sys_exit)
    delay_init                               0x080015b9   Thumb Code    74  delay.o(i.delay_init)
    fputc                                    0x08001615   Thumb Code    24  usart.o(i.fputc)
    main                                     0x08001631   Thumb Code    88  main.o(i.main)
    pvPortMalloc                             0x080021ad   Thumb Code   262  heap_4.o(i.pvPortMalloc)
    pvTaskIncrementMutexHeldCount            0x080022fd   Thumb Code    26  tasks.o(i.pvTaskIncrementMutexHeldCount)
    pxPortInitialiseStack                    0x0800231d   Thumb Code    30  port.o(i.pxPortInitialiseStack)
    start_task                               0x08002341   Thumb Code   102  main.o(i.start_task)
    task1                                    0x080023ed   Thumb Code    14  main.o(i.task1)
    task2                                    0x080023fd   Thumb Code    20  main.o(i.task2)
    task3                                    0x08002415   Thumb Code    10  main.o(i.task3)
    task4                                    0x0800241f   Thumb Code    10  main.o(i.task4)
    uxListRemove                             0x08002429   Thumb Code    40  list.o(i.uxListRemove)
    vListInitialise                          0x08002451   Thumb Code    26  list.o(i.vListInitialise)
    vListInitialiseItem                      0x0800246b   Thumb Code     6  list.o(i.vListInitialiseItem)
    vListInsert                              0x08002471   Thumb Code    52  list.o(i.vListInsert)
    vListInsertEnd                           0x080024a5   Thumb Code    24  list.o(i.vListInsertEnd)
    vPortEnterCritical                       0x080024bd   Thumb Code    68  port.o(i.vPortEnterCritical)
    vPortExitCritical                        0x08002541   Thumb Code    48  port.o(i.vPortExitCritical)
    vPortFree                                0x080025ad   Thumb Code   120  heap_4.o(i.vPortFree)
    vPortSetupTimerInterrupt                 0x08002661   Thumb Code    26  port.o(i.vPortSetupTimerInterrupt)
    vPortValidateInterruptPriority           0x08002681   Thumb Code    86  port.o(i.vPortValidateInterruptPriority)
    vQueueAddToRegistry                      0x0800271d   Thumb Code    38  queue.o(i.vQueueAddToRegistry)
    vQueueWaitForMessageRestricted           0x08002749   Thumb Code    74  queue.o(i.vQueueWaitForMessageRestricted)
    vTaskDelay                               0x08002795   Thumb Code    72  tasks.o(i.vTaskDelay)
    vTaskDelete                              0x0800280d   Thumb Code   192  tasks.o(i.vTaskDelete)
    vTaskMissedYield                         0x0800291d   Thumb Code     8  tasks.o(i.vTaskMissedYield)
    vTaskPlaceOnEventList                    0x08002929   Thumb Code    42  tasks.o(i.vTaskPlaceOnEventList)
    vTaskPlaceOnEventListRestricted          0x08002981   Thumb Code    50  tasks.o(i.vTaskPlaceOnEventListRestricted)
    vTaskPriorityInherit                     0x080029e1   Thumb Code   164  tasks.o(i.vTaskPriorityInherit)
    vTaskSetTimeOutState                     0x08002a91   Thumb Code    32  tasks.o(i.vTaskSetTimeOutState)
    vTaskStartScheduler                      0x08002ae1   Thumb Code   108  tasks.o(i.vTaskStartScheduler)
    vTaskSuspendAll                          0x08002b91   Thumb Code    12  tasks.o(i.vTaskSuspendAll)
    vTaskSwitchContext                       0x08002ba1   Thumb Code   110  tasks.o(i.vTaskSwitchContext)
    xPortStartScheduler                      0x08002c4d   Thumb Code   140  port.o(i.xPortStartScheduler)
    xPortSysTickHandler                      0x08002ced   Thumb Code    46  port.o(i.xPortSysTickHandler)
    xQueueGenericCreate                      0x08002d21   Thumb Code    78  queue.o(i.xQueueGenericCreate)
    xQueueGenericReceive                     0x08002d99   Thumb Code   416  queue.o(i.xQueueGenericReceive)
    xQueueGenericReset                       0x08002f65   Thumb Code   136  queue.o(i.xQueueGenericReset)
    xQueueGenericSend                        0x08003019   Thumb Code   412  queue.o(i.xQueueGenericSend)
    xQueueGenericSendFromISR                 0x080031e1   Thumb Code   234  queue.o(i.xQueueGenericSendFromISR)
    xTaskCheckForTimeOut                     0x080032f5   Thumb Code   116  tasks.o(i.xTaskCheckForTimeOut)
    xTaskCreate                              0x08003399   Thumb Code    96  tasks.o(i.xTaskCreate)
    xTaskGetSchedulerState                   0x080033f9   Thumb Code    24  tasks.o(i.xTaskGetSchedulerState)
    xTaskGetTickCount                        0x08003419   Thumb Code     6  tasks.o(i.xTaskGetTickCount)
    xTaskIncrementTick                       0x08003425   Thumb Code   272  tasks.o(i.xTaskIncrementTick)
    xTaskPriorityDisinherit                  0x08003589   Thumb Code   168  tasks.o(i.xTaskPriorityDisinherit)
    xTaskRemoveFromEventList                 0x08003665   Thumb Code   118  tasks.o(i.xTaskRemoveFromEventList)
    xTaskResumeAll                           0x0800371d   Thumb Code   214  tasks.o(i.xTaskResumeAll)
    xTimerCreateTimerTask                    0x08003841   Thumb Code    56  timers.o(i.xTimerCreateTimerTask)
    xTimerGenericCommand                     0x080038b9   Thumb Code   118  timers.o(i.xTimerGenericCommand)
    Region$$Table$$Base                      0x08003970   Number         0  anon$$obj.o(Region$$Table)
    Region$$Table$$Limit                     0x08003990   Number         0  anon$$obj.o(Region$$Table)
    StartTask_Handler                        0x20000000   Data           4  main.o(.data)
    Task1Task_Handler                        0x20000004   Data           4  main.o(.data)
    Task2Task_Handler                        0x20000008   Data           4  main.o(.data)
    Task3Task_Handler                        0x2000000c   Data           4  main.o(.data)
    Task4Task_Handler                        0x20000010   Data           4  main.o(.data)
    s_UartDma                                0x2000001c   Data          20  communite.o(.data)
    __stdout                                 0x20000034   Data           4  usart.o(.data)
    SystemCoreClock                          0x20000038   Data           4  system_at32f4xx.o(.data)
    AHBPscTable                              0x2000003c   Data          16  system_at32f4xx.o(.data)
    pxCurrentTCB                             0x2000004c   Data           4  tasks.o(.data)
    tagProtocol                              0x200000c0   Data         734  communite.o(.bss)
    a_DmaBuf                                 0x2000039e   Data         256  communite.o(.bss)
    a_TmpBuf                                 0x2000049e   Data         256  communite.o(.bss)
    a_DealBuf                                0x2000059e   Data         256  communite.o(.bss)
    m_ui8UartDmaTxBuffer                     0x2000069e   Data         240  communite.o(.bss)
    m_ui8UartDmaRxBuffer                     0x2000078e   Data         240  communite.o(.bss)
    xQueueRegistry                           0x20000880   Data          64  queue.o(.bss)
    __libspace_start                         0x200033cc   Data          96  libspace.o(.bss)
    __temporary_stack_top$libspace           0x2000342c   Data           0  libspace.o(.bss)



==============================================================================

Memory Map of the image

  Image Entry point : 0x080000cd

  Load Region LR_IROM1 (Base: 0x08000000, Size: 0x00003a50, Max: 0x00010000, ABSOLUTE)

    Execution Region ER_IROM1 (Exec base: 0x08000000, Load base: 0x08000000, Size: 0x00003990, Max: 0x00010000, ABSOLUTE)

    Exec Addr    Load Addr    Size         Type   Attr      Idx    E Section Name        Object

    0x08000000   0x08000000   0x000000cc   Data   RO         3924    RESET               startup_at32f421c8t7.o
    0x080000cc   0x080000cc   0x00000008   Code   RO         5107  * !!!main             c_w.l(__main.o)
    0x080000d4   0x080000d4   0x00000034   Code   RO         5287    !!!scatter          c_w.l(__scatter.o)
    0x08000108   0x08000108   0x0000001a   Code   RO         5289    !!handler_copy      c_w.l(__scatter_copy.o)
    0x08000122   0x08000122   0x00000002   PAD
    0x08000124   0x08000124   0x0000001c   Code   RO         5291    !!handler_zi        c_w.l(__scatter_zi.o)
    0x08000140   0x08000140   0x00000000   Code   RO         5092    .ARM.Collect$$_printf_percent$$00000000  c_w.l(_printf_percent.o)
    0x08000140   0x08000140   0x00000006   Code   RO         5090    .ARM.Collect$$_printf_percent$$00000009  c_w.l(_printf_d.o)
    0x08000146   0x08000146   0x00000006   Code   RO         5089    .ARM.Collect$$_printf_percent$$00000014  c_w.l(_printf_s.o)
    0x0800014c   0x0800014c   0x00000004   Code   RO         5122    .ARM.Collect$$_printf_percent$$00000017  c_w.l(_printf_percent_end.o)
    0x08000150   0x08000150   0x00000002   Code   RO         5159    .ARM.Collect$$libinit$$00000000  c_w.l(libinit.o)
    0x08000152   0x08000152   0x00000000   Code   RO         5166    .ARM.Collect$$libinit$$00000002  c_w.l(libinit2.o)
    0x08000152   0x08000152   0x00000000   Code   RO         5168    .ARM.Collect$$libinit$$00000004  c_w.l(libinit2.o)
    0x08000152   0x08000152   0x00000000   Code   RO         5171    .ARM.Collect$$libinit$$0000000A  c_w.l(libinit2.o)
    0x08000152   0x08000152   0x00000000   Code   RO         5173    .ARM.Collect$$libinit$$0000000C  c_w.l(libinit2.o)
    0x08000152   0x08000152   0x00000000   Code   RO         5175    .ARM.Collect$$libinit$$0000000E  c_w.l(libinit2.o)
    0x08000152   0x08000152   0x00000000   Code   RO         5178    .ARM.Collect$$libinit$$00000011  c_w.l(libinit2.o)
    0x08000152   0x08000152   0x00000000   Code   RO         5180    .ARM.Collect$$libinit$$00000013  c_w.l(libinit2.o)
    0x08000152   0x08000152   0x00000000   Code   RO         5182    .ARM.Collect$$libinit$$00000015  c_w.l(libinit2.o)
    0x08000152   0x08000152   0x00000000   Code   RO         5184    .ARM.Collect$$libinit$$00000017  c_w.l(libinit2.o)
    0x08000152   0x08000152   0x00000000   Code   RO         5186    .ARM.Collect$$libinit$$00000019  c_w.l(libinit2.o)
    0x08000152   0x08000152   0x00000000   Code   RO         5188    .ARM.Collect$$libinit$$0000001B  c_w.l(libinit2.o)
    0x08000152   0x08000152   0x00000000   Code   RO         5190    .ARM.Collect$$libinit$$0000001D  c_w.l(libinit2.o)
    0x08000152   0x08000152   0x00000000   Code   RO         5192    .ARM.Collect$$libinit$$0000001F  c_w.l(libinit2.o)
    0x08000152   0x08000152   0x00000000   Code   RO         5194    .ARM.Collect$$libinit$$00000021  c_w.l(libinit2.o)
    0x08000152   0x08000152   0x00000000   Code   RO         5196    .ARM.Collect$$libinit$$00000023  c_w.l(libinit2.o)
    0x08000152   0x08000152   0x00000000   Code   RO         5198    .ARM.Collect$$libinit$$00000025  c_w.l(libinit2.o)
    0x08000152   0x08000152   0x00000000   Code   RO         5202    .ARM.Collect$$libinit$$0000002C  c_w.l(libinit2.o)
    0x08000152   0x08000152   0x00000000   Code   RO         5204    .ARM.Collect$$libinit$$0000002E  c_w.l(libinit2.o)
    0x08000152   0x08000152   0x00000000   Code   RO         5206    .ARM.Collect$$libinit$$00000030  c_w.l(libinit2.o)
    0x08000152   0x08000152   0x00000000   Code   RO         5208    .ARM.Collect$$libinit$$00000032  c_w.l(libinit2.o)
    0x08000152   0x08000152   0x00000002   Code   RO         5209    .ARM.Collect$$libinit$$00000033  c_w.l(libinit2.o)
    0x08000154   0x08000154   0x00000002   Code   RO         5227    .ARM.Collect$$libshutdown$$00000000  c_w.l(libshutdown.o)
    0x08000156   0x08000156   0x00000000   Code   RO         5237    .ARM.Collect$$libshutdown$$00000002  c_w.l(libshutdown2.o)
    0x08000156   0x08000156   0x00000000   Code   RO         5239    .ARM.Collect$$libshutdown$$00000004  c_w.l(libshutdown2.o)
    0x08000156   0x08000156   0x00000000   Code   RO         5241    .ARM.Collect$$libshutdown$$00000006  c_w.l(libshutdown2.o)
    0x08000156   0x08000156   0x00000000   Code   RO         5244    .ARM.Collect$$libshutdown$$00000009  c_w.l(libshutdown2.o)
    0x08000156   0x08000156   0x00000000   Code   RO         5247    .ARM.Collect$$libshutdown$$0000000C  c_w.l(libshutdown2.o)
    0x08000156   0x08000156   0x00000000   Code   RO         5249    .ARM.Collect$$libshutdown$$0000000E  c_w.l(libshutdown2.o)
    0x08000156   0x08000156   0x00000000   Code   RO         5252    .ARM.Collect$$libshutdown$$00000011  c_w.l(libshutdown2.o)
    0x08000156   0x08000156   0x00000002   Code   RO         5253    .ARM.Collect$$libshutdown$$00000012  c_w.l(libshutdown2.o)
    0x08000158   0x08000158   0x00000000   Code   RO         5111    .ARM.Collect$$rtentry$$00000000  c_w.l(__rtentry.o)
    0x08000158   0x08000158   0x00000000   Code   RO         5130    .ARM.Collect$$rtentry$$00000002  c_w.l(__rtentry2.o)
    0x08000158   0x08000158   0x00000006   Code   RO         5142    .ARM.Collect$$rtentry$$00000004  c_w.l(__rtentry4.o)
    0x0800015e   0x0800015e   0x00000000   Code   RO         5132    .ARM.Collect$$rtentry$$00000009  c_w.l(__rtentry2.o)
    0x0800015e   0x0800015e   0x00000004   Code   RO         5133    .ARM.Collect$$rtentry$$0000000A  c_w.l(__rtentry2.o)
    0x08000162   0x08000162   0x00000000   Code   RO         5135    .ARM.Collect$$rtentry$$0000000C  c_w.l(__rtentry2.o)
    0x08000162   0x08000162   0x00000008   Code   RO         5136    .ARM.Collect$$rtentry$$0000000D  c_w.l(__rtentry2.o)
    0x0800016a   0x0800016a   0x00000002   Code   RO         5163    .ARM.Collect$$rtexit$$00000000  c_w.l(rtexit.o)
    0x0800016c   0x0800016c   0x00000000   Code   RO         5211    .ARM.Collect$$rtexit$$00000002  c_w.l(rtexit2.o)
    0x0800016c   0x0800016c   0x00000004   Code   RO         5212    .ARM.Collect$$rtexit$$00000003  c_w.l(rtexit2.o)
    0x08000170   0x08000170   0x00000006   Code   RO         5213    .ARM.Collect$$rtexit$$00000004  c_w.l(rtexit2.o)
    0x08000176   0x08000176   0x00000002   PAD
    0x08000178   0x08000178   0x00000096   Code   RO         4964    .emb_text           port.o
    0x0800020e   0x0800020e   0x00000002   PAD
    0x08000210   0x08000210   0x00000040   Code   RO         3925    .text               startup_at32f421c8t7.o
    0x08000250   0x08000250   0x00000002   Code   RO         5052    .text               c_w.l(use_no_semi_2.o)
    0x08000252   0x08000252   0x00000002   PAD
    0x08000254   0x08000254   0x00000018   Code   RO         5058    .text               c_w.l(noretval__2printf.o)
    0x0800026c   0x0800026c   0x00000068   Code   RO         5062    .text               c_w.l(__printf.o)
    0x080002d4   0x080002d4   0x00000052   Code   RO         5064    .text               c_w.l(_printf_str.o)
    0x08000326   0x08000326   0x00000002   PAD
    0x08000328   0x08000328   0x00000078   Code   RO         5066    .text               c_w.l(_printf_dec.o)
    0x080003a0   0x080003a0   0x0000008a   Code   RO         5097    .text               c_w.l(rt_memcpy_v6.o)
    0x0800042a   0x0800042a   0x00000010   Code   RO         5101    .text               c_w.l(aeabi_memset.o)
    0x0800043a   0x0800043a   0x00000044   Code   RO         5103    .text               c_w.l(rt_memclr.o)
    0x0800047e   0x0800047e   0x00000006   Code   RO         5105    .text               c_w.l(heapauxi.o)
    0x08000484   0x08000484   0x00000002   Code   RO         5109    .text               c_w.l(use_no_semi.o)
    0x08000486   0x08000486   0x000000b2   Code   RO         5112    .text               c_w.l(_printf_intcommon.o)
    0x08000538   0x08000538   0x00000030   Code   RO         5114    .text               c_w.l(_printf_char_common.o)
    0x08000568   0x08000568   0x0000002c   Code   RO         5118    .text               c_w.l(_printf_char.o)
    0x08000594   0x08000594   0x00000024   Code   RO         5120    .text               c_w.l(_printf_char_file.o)
    0x080005b8   0x080005b8   0x00000064   Code   RO         5123    .text               c_w.l(rt_memcpy_w.o)
    0x0800061c   0x0800061c   0x0000004e   Code   RO         5127    .text               c_w.l(rt_memclr_w.o)
    0x0800066a   0x0800066a   0x00000008   Code   RO         5146    .text               c_w.l(ferror.o)
    0x08000672   0x08000672   0x0000004a   Code   RO         5150    .text               c_w.l(sys_stackheap_outer.o)
    0x080006bc   0x080006bc   0x00000012   Code   RO         5152    .text               c_w.l(exit.o)
    0x080006ce   0x080006ce   0x00000002   PAD
    0x080006d0   0x080006d0   0x00000008   Code   RO         5160    .text               c_w.l(libspace.o)
    0x080006d8   0x080006d8   0x0000001e   Code   RO          484    i.A04E_Init         module_pinconfig.o
    0x080006f6   0x080006f6   0x00000020   Code   RO          485    i.AC_PIN_Init       module_pinconfig.o
    0x08000716   0x08000716   0x00000004   Code   RO          242    i.BusFault_Handler  at32f4xx_it.o
    0x0800071a   0x0800071a   0x0000001e   Code   RO          486    i.CN3762_Init       module_pinconfig.o
    0x08000738   0x08000738   0x000000a8   Code   RO          388    i.Communite_Init    communite.o
    0x080007e0   0x080007e0   0x00000050   Code   RO          661    i.DMACHx_Init       dma.o
    0x08000830   0x08000830   0x00000018   Code   RO         1222    i.DMA_ChannelEnable  at32f4xx_dma.o
    0x08000848   0x08000848   0x0000003c   Code   RO         1231    i.DMA_Init          at32f4xx_dma.o
    0x08000884   0x08000884   0x00000002   Code   RO          243    i.DebugMon_Handler  at32f4xx_it.o
    0x08000886   0x08000886   0x00000112   Code   RO         2022    i.GPIO_Init         at32f4xx_gpio_ex.o
    0x08000998   0x08000998   0x00000046   Code   RO         2023    i.GPIO_PinAFConfig  at32f4xx_gpio_ex.o
    0x080009de   0x080009de   0x00000004   Code   RO         2030    i.GPIO_ResetBits    at32f4xx_gpio_ex.o
    0x080009e2   0x080009e2   0x00000004   Code   RO         2031    i.GPIO_SetBits      at32f4xx_gpio_ex.o
    0x080009e6   0x080009e6   0x00000002   PAD
    0x080009e8   0x080009e8   0x00000034   Code   RO          487    i.HDF4_Init         module_pinconfig.o
    0x08000a1c   0x08000a1c   0x00000004   Code   RO          244    i.HardFault_Handler  at32f4xx_it.o
    0x08000a20   0x08000a20   0x00000020   Code   RO          488    i.HardWare_Init     module_pinconfig.o
    0x08000a40   0x08000a40   0x00000098   Code   RO          356    i.LED_GPIO_INIT     led.o
    0x08000ad8   0x08000ad8   0x00000004   Code   RO          245    i.MemManage_Handler  at32f4xx_it.o
    0x08000adc   0x08000adc   0x00000168   Code   RO          538    i.MotorGpioInit     motor.o
    0x08000c44   0x08000c44   0x00000002   Code   RO          246    i.NMI_Handler       at32f4xx_it.o
    0x08000c46   0x08000c46   0x00000002   PAD
    0x08000c48   0x08000c48   0x00000014   Code   RO         3832    i.NVIC_PriorityGroupConfig  misc.o
    0x08000c5c   0x08000c5c   0x0000008c   Code   RO          489    i.PowerPin_Init     module_pinconfig.o
    0x08000ce8   0x08000ce8   0x00000020   Code   RO         2486    i.RCC_AHBPeriphClockCmd  at32f4xx_rcc.o
    0x08000d08   0x08000d08   0x00000020   Code   RO         2489    i.RCC_APB1PeriphClockCmd  at32f4xx_rcc.o
    0x08000d28   0x08000d28   0x00000020   Code   RO         2492    i.RCC_APB2PeriphClockCmd  at32f4xx_rcc.o
    0x08000d48   0x08000d48   0x000002c8   Code   RO         2500    i.RCC_GetClocksFreq  at32f4xx_rcc.o
    0x08001010   0x08001010   0x00000008   Code   RO         3879    i.SetSysClock       system_at32f4xx.o
    0x08001018   0x08001018   0x000000e4   Code   RO         3880    i.SetSysClockTo96MHSI  system_at32f4xx.o
    0x080010fc   0x080010fc   0x00000028   Code   RO         3835    i.SysTick_CLKSourceConfig  misc.o
    0x08001124   0x08001124   0x00000010   Code   RO          562    i.SysTick_Handler   delay.o
    0x08001134   0x08001134   0x000000bc   Code   RO          357    i.Sys_Led           led.o
    0x080011f0   0x080011f0   0x00000074   Code   RO         3882    i.SystemInit        system_at32f4xx.o
    0x08001264   0x08001264   0x00000018   Code   RO         3000    i.TMR_Cmd           at32f4xx_tim.o
    0x0800127c   0x0800127c   0x000000a4   Code   RO         3029    i.TMR_OC1Init       at32f4xx_tim.o
    0x08001320   0x08001320   0x00000088   Code   RO         3071    i.TMR_TimeBaseInit  at32f4xx_tim.o
    0x080013a8   0x080013a8   0x00000104   Code   RO          606    i.UARTx_Init        usart.o
    0x080014ac   0x080014ac   0x00000018   Code   RO         3553    i.USART_Cmd         at32f4xx_usart.o
    0x080014c4   0x080014c4   0x00000012   Code   RO         3554    i.USART_DMACmd      at32f4xx_usart.o
    0x080014d6   0x080014d6   0x00000002   PAD
    0x080014d8   0x080014d8   0x000000d8   Code   RO         3559    i.USART_Init        at32f4xx_usart.o
    0x080015b0   0x080015b0   0x00000004   Code   RO          247    i.UsageFault_Handler  at32f4xx_it.o
    0x080015b4   0x080015b4   0x00000004   Code   RO          609    i._sys_exit         usart.o
    0x080015b8   0x080015b8   0x0000005c   Code   RO          563    i.delay_init        delay.o
    0x08001614   0x08001614   0x0000001c   Code   RO          610    i.fputc             usart.o
    0x08001630   0x08001630   0x00000078   Code   RO            4    i.main              main.o
    0x080016a8   0x080016a8   0x00000098   Code   RO         4389    i.prvAddCurrentTaskToDelayedList  tasks.o
    0x08001740   0x08001740   0x000000b8   Code   RO         4390    i.prvAddNewTaskToReadyList  tasks.o
    0x080017f8   0x080017f8   0x00000064   Code   RO         4761    i.prvCheckForValidListAndQueue  timers.o
    0x0800185c   0x0800185c   0x00000064   Code   RO         4391    i.prvCheckTasksWaitingTermination  tasks.o
    0x080018c0   0x080018c0   0x0000002a   Code   RO         4144    i.prvCopyDataFromQueue  queue.o
    0x080018ea   0x080018ea   0x0000007c   Code   RO         4145    i.prvCopyDataToQueue  queue.o
    0x08001966   0x08001966   0x00000012   Code   RO         4392    i.prvDeleteTCB      tasks.o
    0x08001978   0x08001978   0x00000028   Code   RO         4762    i.prvGetNextExpireTime  timers.o
    0x080019a0   0x080019a0   0x0000007c   Code   RO         4903    i.prvHeapInit       heap_4.o
    0x08001a1c   0x08001a1c   0x00000028   Code   RO         4393    i.prvIdleTask       tasks.o
    0x08001a44   0x08001a44   0x0000002e   Code   RO         4147    i.prvInitialiseNewQueue  queue.o
    0x08001a72   0x08001a72   0x00000002   PAD
    0x08001a74   0x08001a74   0x000000d4   Code   RO         4394    i.prvInitialiseNewTask  tasks.o
    0x08001b48   0x08001b48   0x00000068   Code   RO         4395    i.prvInitialiseTaskLists  tasks.o
    0x08001bb0   0x08001bb0   0x00000068   Code   RO         4904    i.prvInsertBlockIntoFreeList  heap_4.o
    0x08001c18   0x08001c18   0x00000058   Code   RO         4764    i.prvInsertTimerInActiveList  timers.o
    0x08001c70   0x08001c70   0x0000001a   Code   RO         4148    i.prvIsQueueEmpty   queue.o
    0x08001c8a   0x08001c8a   0x0000001e   Code   RO         4149    i.prvIsQueueFull    queue.o
    0x08001ca8   0x08001ca8   0x000000a4   Code   RO         4150    i.prvNotifyQueueSetContainer  queue.o
    0x08001d4c   0x08001d4c   0x00000084   Code   RO         4765    i.prvProcessExpiredTimer  timers.o
    0x08001dd0   0x08001dd0   0x00000130   Code   RO         4766    i.prvProcessReceivedCommands  timers.o
    0x08001f00   0x08001f00   0x00000074   Code   RO         4767    i.prvProcessTimerOrBlockTask  timers.o
    0x08001f74   0x08001f74   0x00000034   Code   RO         4397    i.prvResetNextTaskUnblockTime  tasks.o
    0x08001fa8   0x08001fa8   0x0000002c   Code   RO         4768    i.prvSampleTimeNow  timers.o
    0x08001fd4   0x08001fd4   0x000000c0   Code   RO         4769    i.prvSwitchTimerLists  timers.o
    0x08002094   0x08002094   0x0000006c   Code   RO         4965    i.prvTaskExitError  port.o
    0x08002100   0x08002100   0x0000001a   Code   RO         4770    i.prvTimerTask      timers.o
    0x0800211a   0x0800211a   0x00000092   Code   RO         4151    i.prvUnlockQueue    queue.o
    0x080021ac   0x080021ac   0x00000150   Code   RO         4905    i.pvPortMalloc      heap_4.o
    0x080022fc   0x080022fc   0x00000020   Code   RO         4401    i.pvTaskIncrementMutexHeldCount  tasks.o
    0x0800231c   0x0800231c   0x00000024   Code   RO         4966    i.pxPortInitialiseStack  port.o
    0x08002340   0x08002340   0x000000ac   Code   RO            5    i.start_task        main.o
    0x080023ec   0x080023ec   0x0000000e   Code   RO            6    i.task1             main.o
    0x080023fa   0x080023fa   0x00000002   PAD
    0x080023fc   0x080023fc   0x00000018   Code   RO            7    i.task2             main.o
    0x08002414   0x08002414   0x0000000a   Code   RO            8    i.task3             main.o
    0x0800241e   0x0800241e   0x0000000a   Code   RO            9    i.task4             main.o
    0x08002428   0x08002428   0x00000028   Code   RO         4095    i.uxListRemove      list.o
    0x08002450   0x08002450   0x0000001a   Code   RO         4096    i.vListInitialise   list.o
    0x0800246a   0x0800246a   0x00000006   Code   RO         4097    i.vListInitialiseItem  list.o
    0x08002470   0x08002470   0x00000034   Code   RO         4098    i.vListInsert       list.o
    0x080024a4   0x080024a4   0x00000018   Code   RO         4099    i.vListInsertEnd    list.o
    0x080024bc   0x080024bc   0x00000084   Code   RO         4968    i.vPortEnterCritical  port.o
    0x08002540   0x08002540   0x0000006c   Code   RO         4969    i.vPortExitCritical  port.o
    0x080025ac   0x080025ac   0x000000b4   Code   RO         4906    i.vPortFree         heap_4.o
    0x08002660   0x08002660   0x00000020   Code   RO         4970    i.vPortSetupTimerInterrupt  port.o
    0x08002680   0x08002680   0x0000009c   Code   RO         4971    i.vPortValidateInterruptPriority  port.o
    0x0800271c   0x0800271c   0x0000002c   Code   RO         4157    i.vQueueAddToRegistry  queue.o
    0x08002748   0x08002748   0x0000004a   Code   RO         4161    i.vQueueWaitForMessageRestricted  queue.o
    0x08002792   0x08002792   0x00000002   PAD
    0x08002794   0x08002794   0x00000078   Code   RO         4409    i.vTaskDelay        tasks.o
    0x0800280c   0x0800280c   0x00000110   Code   RO         4411    i.vTaskDelete       tasks.o
    0x0800291c   0x0800291c   0x0000000c   Code   RO         4415    i.vTaskMissedYield  tasks.o
    0x08002928   0x08002928   0x00000058   Code   RO         4417    i.vTaskPlaceOnEventList  tasks.o
    0x08002980   0x08002980   0x00000060   Code   RO         4418    i.vTaskPlaceOnEventListRestricted  tasks.o
    0x080029e0   0x080029e0   0x000000b0   Code   RO         4420    i.vTaskPriorityInherit  tasks.o
    0x08002a90   0x08002a90   0x00000050   Code   RO         4424    i.vTaskSetTimeOutState  tasks.o
    0x08002ae0   0x08002ae0   0x000000b0   Code   RO         4425    i.vTaskStartScheduler  tasks.o
    0x08002b90   0x08002b90   0x00000010   Code   RO         4427    i.vTaskSuspendAll   tasks.o
    0x08002ba0   0x08002ba0   0x000000ac   Code   RO         4428    i.vTaskSwitchContext  tasks.o
    0x08002c4c   0x08002c4c   0x000000a0   Code   RO         4972    i.xPortStartScheduler  port.o
    0x08002cec   0x08002cec   0x00000034   Code   RO         4973    i.xPortSysTickHandler  port.o
    0x08002d20   0x08002d20   0x00000078   Code   RO         4166    i.xQueueGenericCreate  queue.o
    0x08002d98   0x08002d98   0x000001cc   Code   RO         4167    i.xQueueGenericReceive  queue.o
    0x08002f64   0x08002f64   0x000000b4   Code   RO         4168    i.xQueueGenericReset  queue.o
    0x08003018   0x08003018   0x000001c8   Code   RO         4169    i.xQueueGenericSend  queue.o
    0x080031e0   0x080031e0   0x00000114   Code   RO         4170    i.xQueueGenericSendFromISR  queue.o
    0x080032f4   0x080032f4   0x000000a4   Code   RO         4429    i.xTaskCheckForTimeOut  tasks.o
    0x08003398   0x08003398   0x00000060   Code   RO         4430    i.xTaskCreate       tasks.o
    0x080033f8   0x080033f8   0x00000020   Code   RO         4434    i.xTaskGetSchedulerState  tasks.o
    0x08003418   0x08003418   0x0000000c   Code   RO         4435    i.xTaskGetTickCount  tasks.o
    0x08003424   0x08003424   0x00000164   Code   RO         4437    i.xTaskIncrementTick  tasks.o
    0x08003588   0x08003588   0x000000dc   Code   RO         4440    i.xTaskPriorityDisinherit  tasks.o
    0x08003664   0x08003664   0x000000b8   Code   RO         4441    i.xTaskRemoveFromEventList  tasks.o
    0x0800371c   0x0800371c   0x00000124   Code   RO         4443    i.xTaskResumeAll    tasks.o
    0x08003840   0x08003840   0x00000078   Code   RO         4774    i.xTimerCreateTimerTask  timers.o
    0x080038b8   0x080038b8   0x000000a8   Code   RO         4775    i.xTimerGenericCommand  timers.o
    0x08003960   0x08003960   0x00000010   Data   RO         2524    .constdata          at32f4xx_rcc.o
    0x08003970   0x08003970   0x00000020   Data   RO         5285    Region$$Table       anon$$obj.o


    Execution Region RW_IRAM1 (Exec base: 0x20000000, Load base: 0x08003990, Size: 0x00003a30, Max: 0x00004000, ABSOLUTE)

    Exec Addr    Load Addr    Size         Type   Attr      Idx    E Section Name        Object

    0x20000000   0x08003990   0x00000016   Data   RW           10    .data               main.o
    0x20000016   0x080039a6   0x00000006   Data   RW          358    .data               led.o
    0x2000001c   0x080039ac   0x00000014   Data   RW          400    .data               communite.o
    0x20000030   0x080039c0   0x00000004   Data   RW          566    .data               delay.o
    0x20000034   0x080039c4   0x00000004   Data   RW          611    .data               usart.o
    0x20000038   0x080039c8   0x00000014   Data   RW         3883    .data               system_at32f4xx.o
    0x2000004c   0x080039dc   0x0000003c   Data   RW         4446    .data               tasks.o
    0x20000088   0x08003a18   0x00000014   Data   RW         4783    .data               timers.o
    0x2000009c   0x08003a2c   0x00000018   Data   RW         4911    .data               heap_4.o
    0x200000b4   0x08003a44   0x0000000c   Data   RW         4974    .data               port.o
    0x200000c0        -       0x000007be   Zero   RW          399    .bss                communite.o
    0x2000087e   0x08003a50   0x00000002   PAD
    0x20000880        -       0x00000040   Zero   RW         4181    .bss                queue.o
    0x200008c0        -       0x000002e4   Zero   RW         4445    .bss                tasks.o
    0x20000ba4        -       0x00000028   Zero   RW         4782    .bss                timers.o
    0x20000bcc        -       0x00002800   Zero   RW         4910    .bss                heap_4.o
    0x200033cc        -       0x00000060   Zero   RW         5161    .bss                c_w.l(libspace.o)
    0x2000342c   0x08003a50   0x00000004   PAD
    0x20003430        -       0x00000200   Zero   RW         3923    HEAP                startup_at32f421c8t7.o
    0x20003630        -       0x00000400   Zero   RW         3922    STACK               startup_at32f421c8t7.o


==============================================================================

Image component sizes


      Code (inc. data)   RO Data    RW Data    ZI Data      Debug   Object Name

        84          0          0          0          0       2767   at32f4xx_dma.o
       352          0          0          0          0       3343   at32f4xx_gpio_ex.o
        20          0          0          0          0       2537   at32f4xx_it.o
       808         58         16          0          0       4542   at32f4xx_rcc.o
       324         56          0          0          0       2323   at32f4xx_tim.o
       258          6          0          0          0       3444   at32f4xx_usart.o
       168          6          0         20       1982       5267   communite.o
       108         18          0          4          0       1139   delay.o
        80          0          0          0          0        998   dma.o
         0          0          0          0          0      11796   event_groups.o
       744        168          0         24      10240       3763   heap_4.o
       340         20          0          6          0       1162   led.o
       148          0          0          0          0       3050   list.o
       350        106          0         22          0     294388   main.o
        60         10          0          0          0        977   misc.o
       316         12          0          0          0       3092   module_pinconfig.o
       360         18          0          0          0        744   motor.o
       934        304          0         12          0       9993   port.o
      2188        262          0          0         64      15337   queue.o
        64         26        204          0       1536        796   startup_at32f421c8t7.o
       352         40          0         20          0       2247   system_at32f4xx.o
      3458        930          0         60        740      28563   tasks.o
      1330        332          0         20         40       8455   timers.o
       292         14          0          4          0       3535   usart.o

    ----------------------------------------------------------------------
     13152       2386        252        192      14604     414258   Object Totals
         0          0         32          0          0          0   (incl. Generated)
        14          0          0          0          2          0   (incl. Padding)

    ----------------------------------------------------------------------

      Code (inc. data)   RO Data    RW Data    ZI Data      Debug   Library Member Name

         8          0          0          0          0         68   __main.o
       104          0          0          0          0         84   __printf.o
         0          0          0          0          0          0   __rtentry.o
        12          0          0          0          0          0   __rtentry2.o
         6          0          0          0          0          0   __rtentry4.o
        52          8          0          0          0          0   __scatter.o
        26          0          0          0          0          0   __scatter_copy.o
        28          0          0          0          0          0   __scatter_zi.o
        44          0          0          0          0        108   _printf_char.o
        48          6          0          0          0         96   _printf_char_common.o
        36          4          0          0          0         80   _printf_char_file.o
         6          0          0          0          0          0   _printf_d.o
       120         16          0          0          0         92   _printf_dec.o
       178          0          0          0          0         88   _printf_intcommon.o
         0          0          0          0          0          0   _printf_percent.o
         4          0          0          0          0          0   _printf_percent_end.o
         6          0          0          0          0          0   _printf_s.o
        82          0          0          0          0         80   _printf_str.o
        16          0          0          0          0         68   aeabi_memset.o
        18          0          0          0          0         80   exit.o
         8          0          0          0          0         68   ferror.o
         6          0          0          0          0        152   heapauxi.o
         2          0          0          0          0          0   libinit.o
         2          0          0          0          0          0   libinit2.o
         2          0          0          0          0          0   libshutdown.o
         2          0          0          0          0          0   libshutdown2.o
         8          4          0          0         96         68   libspace.o
        24          4          0          0          0         84   noretval__2printf.o
        68          0          0          0          0         68   rt_memclr.o
        78          0          0          0          0         80   rt_memclr_w.o
       138          0          0          0          0         68   rt_memcpy_v6.o
       100          0          0          0          0         80   rt_memcpy_w.o
         2          0          0          0          0          0   rtexit.o
        10          0          0          0          0          0   rtexit2.o
        74          0          0          0          0         80   sys_stackheap_outer.o
         2          0          0          0          0         68   use_no_semi.o
         2          0          0          0          0         68   use_no_semi_2.o

    ----------------------------------------------------------------------
      1332         42          0          0        100       1728   Library Totals
        10          0          0          0          4          0   (incl. Padding)

    ----------------------------------------------------------------------

      Code (inc. data)   RO Data    RW Data    ZI Data      Debug   Library Name

      1322         42          0          0         96       1728   c_w.l

    ----------------------------------------------------------------------
      1332         42          0          0        100       1728   Library Totals

    ----------------------------------------------------------------------

==============================================================================


      Code (inc. data)   RO Data    RW Data    ZI Data      Debug   

     14484       2428        252        192      14704     409170   Grand Totals
     14484       2428        252        192      14704     409170   ELF Image Totals
     14484       2428        252        192          0          0   ROM Totals

==============================================================================

    Total RO  Size (Code + RO Data)                14736 (  14.39kB)
    Total RW  Size (RW Data + ZI Data)             14896 (  14.55kB)
    Total ROM Size (Code + RO Data + RW Data)      14928 (  14.58kB)

==============================================================================

